<html>
<body>
<pre>
<h1>µVision Build Log</h1>
<h2>Tool Versions:</h2>
IDE-Version: ¦ÌVision V5.30.0.0
Copyright (C) 2020 ARM Ltd and ARM Germany GmbH. All rights reserved.
License Information: LEON ChengC@hotmail.com, tencent, LIC=----
 
Tool Versions:
Toolchain:       MDK-ARM Plus  Version: 5.30.0.0
Toolchain Path:  D:\ARM\ARMCC\Bin
C Compiler:      Armcc.exe V5.06 update 6 (build 750)
Assembler:       Armasm.exe V5.06 update 6 (build 750)
Linker/Locator:  ArmLink.exe V5.06 update 6 (build 750)
Library Manager: ArmAr.exe V5.06 update 6 (build 750)
Hex Converter:   FromElf.exe V5.06 update 6 (build 750)
CPU DLL:         SARMCM3.DLL V5.30.0.0
Dialog DLL:      DCM.DLL V1.17.3.0
Target DLL:      Segger\JL2CM3.dll V2.99.38.0
Dialog DLL:      TCM.DLL V1.42.0.0
 
<h2>Project:</h2>
E:\coding\L206\tc-iot-at-sdk-stm32-freertos-based-example-rpc\MDK-ARM\tc-iot-at-sdk-stm32-freertos-based-example.uvprojx
Project File Date:  06/26/2022

<h2>Output:</h2>
*** Using Compiler 'V5.06 update 6 (build 750)', folder: 'D:\ARM\ARMCC\Bin'
Rebuild target 'tc-iot-at-sdk-stm32-freertos-based-example'
assembling startup_stm32f103xe.s...
compiling event_groups.c...
compiling list.c...
compiling croutine.c...
compiling freertos.c...
compiling tasks.c...
compiling queue.c...
compiling heap_4.c...
compiling port.c...
compiling timers.c...
compiling cmsis_os.c...
compiling retarget.c...
compiling stm32f1xx_hal_timebase_TIM.c...
compiling system_stm32f1xx.c...
compiling peripheral_drv.c...
compiling main.c...
compiling board.c...
..\Src\board.c(179): warning:  #177-D: function "MX_USART2_Init"  was declared but never referenced
  static void MX_USART2_Init(void)
..\Src\board.c(199): warning:  #177-D: function "MX_USART3_Init"  was declared but never referenced
  static void MX_USART3_Init(void)
..\Src\board.c: 2 warnings, 0 errors
compiling stm32f1xx_it.c...
compiling stm32f1xx_hal_msp.c...
compiling stm32f1xx_hal_uart.c...
compiling stm32f1xx_hal_gpio_ex.c...
compiling stm32f1xx_hal_pwr.c...
compiling stm32f1xx_hal_flash_ex.c...
compiling stm32f1xx_hal_rcc.c...
compiling stm32f1xx_hal_cortex.c...
compiling stm32f1xx_hal_tim_ex.c...
compiling json_parser.c...
compiling utils_timer.c...
compiling utils_list.c...
compiling json_token.c...
compiling at_client.c...
compiling string_utils.c...
compiling at_log.c...
compiling at_utils.c...
compiling stm32f1xx_hal_rcc_ex.c...
compiling ringbuff.c...
compiling stm32f1xx_hal.c...
compiling stm32f1xx_hal_gpio.c...
compiling module_api_inf.c...
compiling mqtt.c...
compiling at_timer.c...
compiling stm32f1xx_hal_dma.c...
compiling iot_device.c...
compiling stm32f1xx_hal_i2c.c...
compiling data_template_client.c...
compiling data_template_client_common.c...
compiling stm32f1xx_hal_flash.c...
compiling data_template_client_manager.c...
compiling data_template_client_json.c...
compiling mqtt_sample.c...
compiling stm32f1xx_hal_adc.c...
compiling data_template_aciton.c...
compiling data_template_event.c...
compiling light_data_template_sample.c...
compiling stm32f1xx_hal_tim.c...
compiling stm32f1xx_hal_adc_ex.c...
compiling hal_os.c...
compiling hal_at.c...
compiling data_template_usr_logic.c...
linking...
Program Size: Code=54632 RO-data=7412 RW-data=460 ZI-data=37532  
FromELF: creating hex file...
"Tc-Iot-STM32F103-Dev-Kit\Tc-Iot-STM32F103-Dev-Kit.axf" - 0 Error(s), 2 Warning(s).

<h2>Software Packages used:</h2>

Package Vendor: ARM
                http://www.keil.com/pack/ARM.CMSIS.5.7.0.pack
                ARM.CMSIS.5.7.0
                CMSIS (Cortex Microcontroller Software Interface Standard)
   * Component: CORE Version: 5.4.0

Package Vendor: Keil
                http://www.keil.com/pack/Keil.STM32F1xx_DFP.2.0.0.pack
                Keil.STM32F1xx_DFP.2.0.0
                STMicroelectronics STM32F1 Series Device Support, Drivers and Examples

<h2>Collection of Component include folders:</h2>
  .\RTE\_tc-iot-at-sdk-stm32-freertos-based-example
  D:\ARM\CMSIS\5.7.0\CMSIS\Core\Include
  D:\Keil\STM32F1xx_DFP\2.0.0\Device\Include

<h2>Collection of Component Files used:</h2>

   * Component: ARM::CMSIS:CORE:5.4.0
Build Time Elapsed:  00:00:13
</pre>
</body>
</html>
