Component: ARM Compiler 5.06 update 6 (build 750) Tool: armlink [4d35ed]

==============================================================================

Section Cross References

    startup_stm32f103xe.o(RESET) refers to startup_stm32f103xe.o(STACK) for __initial_sp
    startup_stm32f103xe.o(RESET) refers to startup_stm32f103xe.o(.text) for Reset_Handler
    startup_stm32f103xe.o(RESET) refers to stm32f1xx_it.o(i.NMI_Handler) for NMI_Handler
    startup_stm32f103xe.o(RESET) refers to stm32f1xx_it.o(i.HardFault_Handler) for HardFault_Handler
    startup_stm32f103xe.o(RESET) refers to stm32f1xx_it.o(i.MemManage_Handler) for MemManage_Handler
    startup_stm32f103xe.o(RESET) refers to stm32f1xx_it.o(i.BusFault_Handler) for BusFault_Handler
    startup_stm32f103xe.o(RESET) refers to stm32f1xx_it.o(i.UsageFault_Handler) for UsageFault_Handler
    startup_stm32f103xe.o(RESET) refers to port.o(.emb_text) for SVC_Handler
    startup_stm32f103xe.o(RESET) refers to stm32f1xx_it.o(i.DebugMon_Handler) for DebugMon_Handler
    startup_stm32f103xe.o(RESET) refers to stm32f1xx_it.o(i.SysTick_Handler) for SysTick_Handler
    startup_stm32f103xe.o(RESET) refers to stm32f1xx_it.o(i.TIM1_UP_IRQHandler) for TIM1_UP_IRQHandler
    startup_stm32f103xe.o(RESET) refers to stm32f1xx_it.o(i.TIM2_IRQHandler) for TIM2_IRQHandler
    startup_stm32f103xe.o(RESET) refers to hal_at.o(i.UART4_IRQHandler) for UART4_IRQHandler
    startup_stm32f103xe.o(.text) refers to system_stm32f1xx.o(i.SystemInit) for SystemInit
    startup_stm32f103xe.o(.text) refers to entry.o(.ARM.Collect$$$$00000000) for __main
    stm32f1xx_hal_msp.o(i.HAL_ADC_MspDeInit) refers to stm32f1xx_hal_gpio.o(i.HAL_GPIO_DeInit) for HAL_GPIO_DeInit
    stm32f1xx_hal_msp.o(i.HAL_ADC_MspDeInit) refers to stm32f1xx_hal_cortex.o(i.HAL_NVIC_DisableIRQ) for HAL_NVIC_DisableIRQ
    stm32f1xx_hal_msp.o(i.HAL_ADC_MspInit) refers to stm32f1xx_hal_gpio.o(i.HAL_GPIO_Init) for HAL_GPIO_Init
    stm32f1xx_hal_msp.o(i.HAL_I2C_MspDeInit) refers to stm32f1xx_hal_gpio.o(i.HAL_GPIO_DeInit) for HAL_GPIO_DeInit
    stm32f1xx_hal_msp.o(i.HAL_I2C_MspInit) refers to stm32f1xx_hal_gpio.o(i.HAL_GPIO_Init) for HAL_GPIO_Init
    stm32f1xx_hal_msp.o(i.HAL_MspInit) refers to stm32f1xx_hal_cortex.o(i.HAL_NVIC_SetPriorityGrouping) for HAL_NVIC_SetPriorityGrouping
    stm32f1xx_hal_msp.o(i.HAL_MspInit) refers to stm32f1xx_hal_cortex.o(i.HAL_NVIC_SetPriority) for HAL_NVIC_SetPriority
    stm32f1xx_hal_msp.o(i.HAL_TIM_Base_MspDeInit) refers to stm32f1xx_hal_cortex.o(i.HAL_NVIC_DisableIRQ) for HAL_NVIC_DisableIRQ
    stm32f1xx_hal_msp.o(i.HAL_TIM_Base_MspInit) refers to stm32f1xx_hal_cortex.o(i.HAL_NVIC_SetPriority) for HAL_NVIC_SetPriority
    stm32f1xx_hal_msp.o(i.HAL_TIM_Base_MspInit) refers to stm32f1xx_hal_cortex.o(i.HAL_NVIC_EnableIRQ) for HAL_NVIC_EnableIRQ
    stm32f1xx_hal_msp.o(i.HAL_UART_MspDeInit) refers to stm32f1xx_hal_gpio.o(i.HAL_GPIO_DeInit) for HAL_GPIO_DeInit
    stm32f1xx_hal_msp.o(i.HAL_UART_MspDeInit) refers to stm32f1xx_hal_cortex.o(i.HAL_NVIC_DisableIRQ) for HAL_NVIC_DisableIRQ
    stm32f1xx_hal_msp.o(i.HAL_UART_MspInit) refers to stm32f1xx_hal_gpio.o(i.HAL_GPIO_Init) for HAL_GPIO_Init
    stm32f1xx_hal_msp.o(i.HAL_UART_MspInit) refers to stm32f1xx_hal_cortex.o(i.HAL_NVIC_SetPriority) for HAL_NVIC_SetPriority
    stm32f1xx_hal_msp.o(i.HAL_UART_MspInit) refers to stm32f1xx_hal_cortex.o(i.HAL_NVIC_EnableIRQ) for HAL_NVIC_EnableIRQ
    stm32f1xx_it.o(i.SysTick_Handler) refers to cmsis_os.o(i.osSystickHandler) for osSystickHandler
    stm32f1xx_it.o(i.TIM1_UP_IRQHandler) refers to stm32f1xx_hal_tim.o(i.HAL_TIM_IRQHandler) for HAL_TIM_IRQHandler
    stm32f1xx_it.o(i.TIM1_UP_IRQHandler) refers to stm32f1xx_hal_timebase_tim.o(.bss) for htim1
    stm32f1xx_it.o(i.TIM2_IRQHandler) refers to stm32f1xx_hal_tim.o(i.HAL_TIM_IRQHandler) for HAL_TIM_IRQHandler
    stm32f1xx_it.o(i.TIM2_IRQHandler) refers to board.o(.bss) for htim2
    main.o(i.HAL_TIM_PeriodElapsedCallback) refers to stm32f1xx_hal.o(i.HAL_IncTick) for HAL_IncTick
    main.o(i.demoTask) refers to main.o(i.mem_info) for mem_info
    main.o(i.demoTask) refers to data_template_usr_logic.o(i.data_template_sample) for data_template_sample
    main.o(i.main) refers to stm32f1xx_hal.o(i.HAL_Init) for HAL_Init
    main.o(i.main) refers to board.o(i.SystemClock_Config) for SystemClock_Config
    main.o(i.main) refers to board.o(i.BoardInit) for BoardInit
    main.o(i.main) refers to printfa.o(i.__0printf) for __2printf
    main.o(i.main) refers to peripheral_drv.o(i.InitRGBState) for InitRGBState
    main.o(i.main) refers to peripheral_drv.o(i.OledInit) for OledInit
    main.o(i.main) refers to peripheral_drv.o(i.OledShowString) for OledShowString
    main.o(i.main) refers to stm32f1xx_hal.o(i.HAL_GetTickFreq) for HAL_GetTickFreq
    main.o(i.main) refers to stm32f1xx_hal_rcc.o(i.HAL_RCC_GetHCLKFreq) for HAL_RCC_GetHCLKFreq
    main.o(i.main) refers to main.o(i.mem_info) for mem_info
[...]
    IOT_Template_Yield                       0x08004c5d   Thumb Code    80  data_template_client.o(i.IOT_Template_Yield)
    InitRGBState                             0x08004cf5   Thumb Code    26  peripheral_drv.o(i.InitRGBState)
    InitTimer                                0x08004d0f   Thumb Code     4  utils_timer.o(i.InitTimer)
    L206_net_reg                             0x08004d15   Thumb Code   214  module_api_inf.o(i.L206_net_reg)
    LITE_get_boolean                         0x08004e75   Thumb Code    24  json_token.o(i.LITE_get_boolean)
    LITE_get_double                          0x08004e95   Thumb Code    28  json_token.o(i.LITE_get_double)
    LITE_get_float                           0x08004eb5   Thumb Code    28  json_token.o(i.LITE_get_float)
    LITE_get_int16                           0x08004ed5   Thumb Code    28  json_token.o(i.LITE_get_int16)
    LITE_get_int32                           0x08004ef5   Thumb Code    28  json_token.o(i.LITE_get_int32)
    LITE_get_int8                            0x08004f15   Thumb Code    28  json_token.o(i.LITE_get_int8)
    LITE_get_string                          0x08004f39   Thumb Code    48  json_token.o(i.LITE_get_string)
    LITE_get_uint16                          0x08004f69   Thumb Code    28  json_token.o(i.LITE_get_uint16)
    LITE_get_uint32                          0x08004f89   Thumb Code    28  json_token.o(i.LITE_get_uint32)
    LITE_get_uint8                           0x08004fa9   Thumb Code    28  json_token.o(i.LITE_get_uint8)
    LITE_json_value_of                       0x08004fcd   Thumb Code   156  json_token.o(i.LITE_json_value_of)
    Log_writter                              0x0800506d   Thumb Code    88  at_log.o(i.Log_writter)
    MemManage_Handler                        0x080052bd   Thumb Code     2  stm32f1xx_it.o(i.MemManage_Handler)
    MotorControl                             0x080052c1   Thumb Code    56  peripheral_drv.o(i.MotorControl)
    NMI_Handler                              0x080052fd   Thumb Code     2  stm32f1xx_it.o(i.NMI_Handler)
    OledClear                                0x080053b5   Thumb Code    82  peripheral_drv.o(i.OledClear)
    OledInit                                 0x08005407   Thumb Code   354  peripheral_drv.o(i.OledInit)
    OledShowString                           0x08005595   Thumb Code   116  peripheral_drv.o(i.OledShowString)
    SysTick_Handler                          0x0800581d   Thumb Code     4  stm32f1xx_it.o(i.SysTick_Handler)
    SystemClock_Config                       0x08005821   Thumb Code   130  board.o(i.SystemClock_Config)
    SystemInit                               0x080058b5   Thumb Code    56  system_stm32f1xx.o(i.SystemInit)
    TIM1_UP_IRQHandler                       0x080058fd   Thumb Code     6  stm32f1xx_it.o(i.TIM1_UP_IRQHandler)
    TIM2_IRQHandler                          0x08005909   Thumb Code     6  stm32f1xx_it.o(i.TIM2_IRQHandler)
    TIM_Base_SetConfig                       0x08005915   Thumb Code   120  stm32f1xx_hal_tim.o(i.TIM_Base_SetConfig)
    UART4_IRQHandler                         0x08005a15   Thumb Code    44  hal_at.o(i.UART4_IRQHandler)
    UsageFault_Handler                       0x08005c1b   Thumb Code     2  stm32f1xx_it.o(i.UsageFault_Handler)
    _Error_Handler                           0x08005c1d   Thumb Code     2  main.o(i._Error_Handler)
    __0printf                                0x08006199   Thumb Code    22  printfa.o(i.__0printf)
    __1printf                                0x08006199   Thumb Code     0  printfa.o(i.__0printf)
    __2printf                                0x08006199   Thumb Code     0  printfa.o(i.__0printf)
    __c89printf                              0x08006199   Thumb Code     0  printfa.o(i.__0printf)
    printf                                   0x08006199   Thumb Code     0  printfa.o(i.__0printf)
    __0vprintf                               0x080061b9   Thumb Code     8  printfa.o(i.__0vprintf)
    __1vprintf                               0x080061b9   Thumb Code     0  printfa.o(i.__0vprintf)
    __2vprintf                               0x080061b9   Thumb Code     0  printfa.o(i.__0vprintf)
    __c89vprintf                             0x080061b9   Thumb Code     0  printfa.o(i.__0vprintf)
    vprintf                                  0x080061b9   Thumb Code     0  printfa.o(i.__0vprintf)
    __0vsnprintf                             0x080061c9   Thumb Code    40  printfa.o(i.__0vsnprintf)
    __1vsnprintf                             0x080061c9   Thumb Code     0  printfa.o(i.__0vsnprintf)
    __2vsnprintf                             0x080061c9   Thumb Code     0  printfa.o(i.__0vsnprintf)
    __c89vsnprintf                           0x080061c9   Thumb Code     0  printfa.o(i.__0vsnprintf)
    vsnprintf                                0x080061c9   Thumb Code     0  printfa.o(i.__0vsnprintf)
    __aeabi_errno_addr                       0x080061f5   Thumb Code     4  errno.o(i.__aeabi_errno_addr)
    __rt_errno_addr                          0x080061f5   Thumb Code     0  errno.o(i.__aeabi_errno_addr)
    __scatterload_copy                       0x080061fd   Thumb Code    14  handlers.o(i.__scatterload_copy)
    __scatterload_null                       0x0800620b   Thumb Code     2  handlers.o(i.__scatterload_null)
    __scatterload_zeroinit                   0x0800620d   Thumb Code    14  handlers.o(i.__scatterload_zeroinit)
    _is_digit                                0x08006f35   Thumb Code    14  scanf_fp.o(i._is_digit)
    at_client_get                            0x08008635   Thumb Code     4  at_client.o(i.at_client_get)
    at_client_init                           0x08008675   Thumb Code   116  at_client.o(i.at_client_init)
    at_client_para_init                      0x08008769   Thumb Code   118  at_client.o(i.at_client_para_init)
    at_client_send                           0x08008829   Thumb Code    70  at_client.o(i.at_client_send)
    at_create_resp                           0x0800889d   Thumb Code    86  at_client.o(i.at_create_resp)
    at_delete_resp                           0x08008905   Thumb Code    26  at_client.o(i.at_delete_resp)
    at_get_last_cmd                          0x08008921   Thumb Code    10  at_utils.o(i.at_get_last_cmd)
    at_obj_exec_cmd                          0x08008935   Thumb Code   206  at_client.o(i.at_obj_exec_cmd)
    at_req_parse_args                        0x08008b2d   Thumb Code    68  at_utils.o(i.at_req_parse_args)
    at_resp_get_line                         0x08008bad   Thumb Code    94  at_client.o(i.at_resp_get_line)
    at_send_data                             0x08008c75   Thumb Code    30  hal_at.o(i.at_send_data)
    at_set_end_sign                          0x08008c99   Thumb Code     6  at_client.o(i.at_set_end_sign)
    at_set_urc_table                         0x08008ca5   Thumb Code   120  at_client.o(i.at_set_urc_table)
    at_sscanf                                0x08008d7d   Thumb Code   584  at_utils.o(i.at_sscanf)
    at_strip                                 0x08008fc5   Thumb Code    46  at_utils.o(i.at_strip)
    at_vprintf                               0x08008ff5   Thumb Code    32  at_utils.o(i.at_vprintf)
    at_vprintfln                             0x0800901d   Thumb Code    20  at_utils.o(i.at_vprintfln)
    build_empty_json                         0x08009035   Thumb Code    32  data_template_client_json.o(i.build_empty_json)
    check_snprintf_return                    0x0800906d   Thumb Code    22  data_template_client_json.o(i.check_snprintf_return)
    chr_strip                                0x08009089   Thumb Code    38  at_utils.o(i.chr_strip)
    countdown                                0x080091d5   Thumb Code     4  utils_timer.o(i.countdown)
    countdown_ms                             0x080091d9   Thumb Code     4  utils_timer.o(i.countdown_ms)
    data_template_demo_task                  0x08009319   Thumb Code   670  data_template_usr_logic.o(i.data_template_demo_task)
    data_template_sample                     0x080098b9   Thumb Code    28  data_template_usr_logic.o(i.data_template_sample)
    deliver_message                          0x08009a75   Thumb Code   292  mqtt.o(i.deliver_message)
    demoTask                                 0x08009c49   Thumb Code    14  main.o(i.demoTask)
    expired                                  0x08009d35   Thumb Code     4  utils_timer.o(i.expired)
    fputc                                    0x08009d39   Thumb Code    22  retarget.o(i.fputc)
    get_control_clientToken                  0x08009d55   Thumb Code     4  data_template_client_manager.o(i.get_control_clientToken)
    hal_thread_create                        0x08009de5   Thumb Code    42  hal_os.o(i.hal_thread_create)
    hal_thread_destroy                       0x08009e15   Thumb Code     4  hal_os.o(i.hal_thread_destroy)
    handle_template_expired_event            0x08009e19   Thumb Code    18  data_template_event.o(i.handle_template_expired_event)
    handle_template_expired_reply            0x08009e2d   Thumb Code    18  data_template_client_manager.o(i.handle_template_expired_reply)
    init_request_params                      0x08009e51   Thumb Code    14  data_template_client_json.o(i.init_request_params)
    insert_str                               0x08009e5f   Thumb Code    68  data_template_client_json.o(i.insert_str)
    iot_device_info_get                      0x08009ea5   Thumb Code     4  iot_device.o(i.iot_device_info_get)
    iot_device_info_init                     0x08009ead   Thumb Code   226  iot_device.o(i.iot_device_info_init)
    json_get_next_object                     0x0800a081   Thumb Code   448  json_parser.o(i.json_get_next_object)
    json_get_object                          0x0800a275   Thumb Code    48  json_parser.o(i.json_get_object)
    json_get_value_by_name                   0x0800a2a5   Thumb Code    78  json_parser.o(i.json_get_value_by_name)
    json_get_value_by_name_cb                0x0800a2f9   Thumb Code    42  json_parser.o(i.json_get_value_by_name_cb)
    json_parse_name_value                    0x0800a325   Thumb Code   188  json_parser.o(i.json_parse_name_value)
    list_destroy                             0x0800a409   Thumb Code    44  utils_list.o(i.list_destroy)
    list_find                                0x0800a435   Thumb Code    72  utils_list.o(i.list_find)
    list_iterator_destroy                    0x0800a47d   Thumb Code     4  utils_list.o(i.list_iterator_destroy)
    list_iterator_new                        0x0800a481   Thumb Code    12  utils_list.o(i.list_iterator_new)
    list_iterator_new_from_node              0x0800a48d   Thumb Code    22  utils_list.o(i.list_iterator_new_from_node)
    list_iterator_next                       0x0800a4a3   Thumb Code    22  utils_list.o(i.list_iterator_next)
    list_lpush                               0x0800a4b9   Thumb Code    44  utils_list.o(i.list_lpush)
    list_new                                 0x0800a4e5   Thumb Code    26  utils_list.o(i.list_new)
    list_node_new                            0x0800a4ff   Thumb Code    24  utils_list.o(i.list_node_new)
    list_remove                              0x0800a517   Thumb Code    54  utils_list.o(i.list_remove)
    list_rpush                               0x0800a54d   Thumb Code    44  utils_list.o(i.list_rpush)
    main                                     0x0800a579   Thumb Code   136  main.o(i.main)
    mem_info                                 0x0800a6c1   Thumb Code    32  main.o(i.mem_info)
    module_handshake                         0x0800a711   Thumb Code   172  module_api_inf.o(i.module_handshake)
    module_info_set                          0x0800a839   Thumb Code    86  module_api_inf.o(i.module_info_set)
    module_init                              0x0800a8dd   Thumb Code   204  module_api_inf.o(i.module_init)
    module_mqtt_conn                         0x0800aa55   Thumb Code   116  module_api_inf.o(i.module_mqtt_conn)
    module_mqtt_discon                       0x0800ab0d   Thumb Code    60  module_api_inf.o(i.module_mqtt_discon)
    module_mqtt_pub                          0x0800ab85   Thumb Code   118  module_api_inf.o(i.module_mqtt_pub)
    module_mqtt_publ                         0x0800ac4d   Thumb Code   142  module_api_inf.o(i.module_mqtt_publ)
    module_mqtt_state                        0x0800ad31   Thumb Code    62  module_api_inf.o(i.module_mqtt_state)
    module_mqtt_sub                          0x0800ada5   Thumb Code   186  module_api_inf.o(i.module_mqtt_sub)
    module_mqtt_unsub                        0x0800aed9   Thumb Code    64  module_api_inf.o(i.module_mqtt_unsub)
    module_power_on                          0x0800af51   Thumb Code   110  hal_at.o(i.module_power_on)
    module_register_network                  0x0800b005   Thumb Code    40  module_api_inf.o(i.module_register_network)
    osDelay                                  0x0800b21d   Thumb Code    14  cmsis_os.o(i.osDelay)
    osKernelStart                            0x0800b22b   Thumb Code    10  cmsis_os.o(i.osKernelStart)
    osMutexCreate                            0x0800b235   Thumb Code     6  cmsis_os.o(i.osMutexCreate)
    osMutexDelete                            0x0800b23b   Thumb Code    24  cmsis_os.o(i.osMutexDelete)
    osMutexRelease                           0x0800b255   Thumb Code    74  cmsis_os.o(i.osMutexRelease)
    osMutexWait                              0x0800b2a5   Thumb Code   100  cmsis_os.o(i.osMutexWait)
    osSystickHandler                         0x0800b30d   Thumb Code    20  cmsis_os.o(i.osSystickHandler)
    osThreadCreate                           0x0800b321   Thumb Code    46  cmsis_os.o(i.osThreadCreate)
    osThreadTerminate                        0x0800b34f   Thumb Code    10  cmsis_os.o(i.osThreadTerminate)
    parse_action_id                          0x0800b359   Thumb Code    22  data_template_client_json.o(i.parse_action_id)
    parse_action_input                       0x0800b37d   Thumb Code    22  data_template_client_json.o(i.parse_action_input)
    parse_client_token                       0x0800b39d   Thumb Code    22  data_template_client_json.o(i.parse_client_token)
    parse_code_return                        0x0800b3c1   Thumb Code    72  data_template_client_json.o(i.parse_code_return)
    parse_status_return                      0x0800b43d   Thumb Code    22  data_template_client_json.o(i.parse_status_return)
    parse_template_cmd_control               0x0800b45d   Thumb Code    22  data_template_client_json.o(i.parse_template_cmd_control)
    parse_template_get_control               0x0800b47d   Thumb Code    22  data_template_client_json.o(i.parse_template_get_control)
    parse_template_method_type               0x0800b4a5   Thumb Code    22  data_template_client_json.o(i.parse_template_method_type)
    parse_timestamp                          0x0800b4c5   Thumb Code    72  data_template_client_json.o(i.parse_timestamp)
    put_json_node                            0x0800b9a1   Thumb Code   350  data_template_client_json.o(i.put_json_node)
    pvPortMalloc                             0x0800bb3d   Thumb Code   210  heap_4.o(i.pvPortMalloc)
    pvTaskIncrementMutexHeldCount            0x0800bc15   Thumb Code    18  tasks.o(i.pvTaskIncrementMutexHeldCount)
    pxPortInitialiseStack                    0x0800bc2d   Thumb Code    32  port.o(i.pxPortInitialiseStack)
    qcloud_iot_template_init                 0x0800bc51   Thumb Code   172  data_template_client_manager.o(i.qcloud_iot_template_init)
    qcloud_iot_template_reset                0x0800bdf1   Thumb Code    66  data_template_client_manager.o(i.qcloud_iot_template_reset)
    register_sub_topic                       0x0800be61   Thumb Code   262  mqtt.o(i.register_sub_topic)
    ring_buff_flush                          0x0800bfd1   Thumb Code    24  ringbuff.o(i.ring_buff_flush)
    ring_buff_init                           0x0800bfe9   Thumb Code    28  ringbuff.o(i.ring_buff_init)
    ring_buff_pop_data                       0x0800c005   Thumb Code    62  ringbuff.o(i.ring_buff_pop_data)
    ring_buff_push_data                      0x0800c043   Thumb Code    82  ringbuff.o(i.ring_buff_push_data)
    send_template_request                    0x0800c095   Thumb Code   288  data_template_client_manager.o(i.send_template_request)
    subscribe_template_downstream_topic      0x0800c269   Thumb Code   132  data_template_client_manager.o(i.subscribe_template_downstream_topic)
    template_common_check_property_existence 0x0800c351   Thumb Code    38  data_template_client_common.o(i.template_common_check_property_existence)
    template_common_register_property_on_delta 0x0800c379   Thumb Code   146  data_template_client_common.o(i.template_common_register_property_on_delta)
    template_put_json_node                   0x0800c475   Thumb Code   350  data_template_client_json.o(i.template_put_json_node)
    update_value_if_key_match                0x0800c601   Thumb Code    60  data_template_client_json.o(i.update_value_if_key_match)
    uxListRemove                             0x0800c881   Thumb Code    36  list.o(i.uxListRemove)
    vListInitialise                          0x0800c8a5   Thumb Code    22  list.o(i.vListInitialise)
    vListInitialiseItem                      0x0800c8bb   Thumb Code     6  list.o(i.vListInitialiseItem)
    vListInsert                              0x0800c8c1   Thumb Code    48  list.o(i.vListInsert)
    vListInsertEnd                           0x0800c8f1   Thumb Code    24  list.o(i.vListInsertEnd)
    vPortEnterCritical                       0x0800c909   Thumb Code    54  port.o(i.vPortEnterCritical)
    vPortExitCritical                        0x0800c949   Thumb Code    34  port.o(i.vPortExitCritical)
    vPortFree                                0x0800c971   Thumb Code    88  heap_4.o(i.vPortFree)
    vPortSetupTimerInterrupt                 0x0800c9cd   Thumb Code    26  port.o(i.vPortSetupTimerInterrupt)
    vPortValidateInterruptPriority           0x0800c9ed   Thumb Code    74  port.o(i.vPortValidateInterruptPriority)
    vQueueDelete                             0x0800ca41   Thumb Code    36  queue.o(i.vQueueDelete)
    vQueueUnregisterQueue                    0x0800ca65   Thumb Code    36  queue.o(i.vQueueUnregisterQueue)
    vTaskDelay                               0x0800ca8d   Thumb Code    66  tasks.o(i.vTaskDelay)
    vTaskDelete                              0x0800cad9   Thumb Code   158  tasks.o(i.vTaskDelete)
    vTaskMissedYield                         0x0800cb85   Thumb Code     8  tasks.o(i.vTaskMissedYield)
    vTaskPlaceOnEventList                    0x0800cb91   Thumb Code    44  tasks.o(i.vTaskPlaceOnEventList)
    vTaskPriorityInherit                     0x0800cbc1   Thumb Code   124  tasks.o(i.vTaskPriorityInherit)
    vTaskSetTimeOutState                     0x0800cc45   Thumb Code    30  tasks.o(i.vTaskSetTimeOutState)
    vTaskStartScheduler                      0x0800cc69   Thumb Code    86  tasks.o(i.vTaskStartScheduler)
    vTaskSuspendAll                          0x0800ccd1   Thumb Code    10  tasks.o(i.vTaskSuspendAll)
    vTaskSwitchContext                       0x0800cce1   Thumb Code    82  tasks.o(i.vTaskSwitchContext)
    xPortGetFreeHeapSize                     0x0800cd71   Thumb Code     6  heap_4.o(i.xPortGetFreeHeapSize)
    xPortStartScheduler                      0x0800cd7d   Thumb Code   108  port.o(i.xPortStartScheduler)
    xPortSysTickHandler                      0x0800cdf5   Thumb Code    38  port.o(i.xPortSysTickHandler)
    xQueueCreateMutex                        0x0800ce21   Thumb Code    36  queue.o(i.xQueueCreateMutex)
    xQueueGenericCreate                      0x0800ce45   Thumb Code    72  queue.o(i.xQueueGenericCreate)
    xQueueGenericReceive                     0x0800ce8d   Thumb Code   362  queue.o(i.xQueueGenericReceive)
    xQueueGenericReset                       0x0800cffd   Thumb Code   132  queue.o(i.xQueueGenericReset)
    xQueueGenericSend                        0x0800d085   Thumb Code   350  queue.o(i.xQueueGenericSend)
    xQueueGiveFromISR                        0x0800d1e9   Thumb Code   156  queue.o(i.xQueueGiveFromISR)
    xQueueReceiveFromISR                     0x0800d285   Thumb Code   154  queue.o(i.xQueueReceiveFromISR)
    xTaskCheckForTimeOut                     0x0800d321   Thumb Code   102  tasks.o(i.xTaskCheckForTimeOut)
    xTaskCreate                              0x0800d38d   Thumb Code    86  tasks.o(i.xTaskCreate)
    xTaskGetSchedulerState                   0x0800d3e5   Thumb Code    22  tasks.o(i.xTaskGetSchedulerState)
    xTaskIncrementTick                       0x0800d401   Thumb Code   192  tasks.o(i.xTaskIncrementTick)
    xTaskPriorityDisinherit                  0x0800d4c9   Thumb Code   144  tasks.o(i.xTaskPriorityDisinherit)
    xTaskRemoveFromEventList                 0x0800d561   Thumb Code   108  tasks.o(i.xTaskRemoveFromEventList)
    xTaskResumeAll                           0x0800d5d5   Thumb Code   182  tasks.o(i.xTaskResumeAll)
    F8X16                                    0x0800d6b8   Data        1520  peripheral_drv.o(.constdata)
    F6x8                                     0x0800dca8   Data         552  peripheral_drv.o(.constdata)
    AHBPrescTable                            0x0800ded0   Data          16  system_stm32f1xx.o(.constdata)
    APBPrescTable                            0x0800dee0   Data           8  system_stm32f1xx.o(.constdata)
    __ctype_table                            0x0800e9d4   Data         129  ctype_o.o(.constdata)
    Region$$Table$$Base                      0x0800f23c   Number         0  anon$$obj.o(Region$$Table)
    Region$$Table$$Limit                     0x0800f25c   Number         0  anon$$obj.o(Region$$Table)
    g_PosRow                                 0x20000000   Data           1  main.o(.data)
    demoTaskHandle                           0x20000004   Data           4  main.o(.data)
    pDebugUart                               0x20000008   Data           4  retarget.o(.data)
    __stdout                                 0x2000000c   Data           4  retarget.o(.data)
    g_OledI2C                                0x20000010   Data           4  peripheral_drv.o(.data)
    g_HtI2C                                  0x20000014   Data           4  peripheral_drv.o(.data)
    SystemCoreClock                          0x20000018   Data           4  system_stm32f1xx.o(.data)
    pxCurrentTCB                             0x20000028   Data           4  tasks.o(.data)
    uwTickFreq                               0x2000007c   Data           1  stm32f1xx_hal.o(.data)
    uwTickPrio                               0x20000080   Data           4  stm32f1xx_hal.o(.data)
    uwTick                                   0x20000084   Data           4  stm32f1xx_hal.o(.data)
    g_log_level                              0x200000f4   Data           1  at_log.o(.data)
    htim1                                    0x200001cc   Data          64  stm32f1xx_hal_timebase_tim.o(.bss)
    htim2                                    0x2000020c   Data          64  board.o(.bss)
    hi2c2                                    0x2000024c   Data          84  board.o(.bss)
    hi2c1                                    0x200002a0   Data          84  board.o(.bss)
    huart1                                   0x200002f4   Data          64  board.o(.bss)
    huart4                                   0x20000334   Data          64  board.o(.bss)
    hadc3                                    0x20000374   Data          48  board.o(.bss)
    xQueueRegistry                           0x20000494   Data          64  queue.o(.bss)
    g_ring_buff                              0x20007cd4   Data          20  at_client.o(.bss)
    __initial_sp                             0x20009468   Data           0  startup_stm32f103xe.o(STACK)



==============================================================================

Memory Map of the image

  Image Entry point : 0x08000131

  Load Region LR_IROM1 (Base: 0x08000000, Size: 0x0000f428, Max: 0x00040000, ABSOLUTE, COMPRESSED[0x0000f31c])

    Execution Region ER_IROM1 (Exec base: 0x08000000, Load base: 0x08000000, Size: 0x0000f25c, Max: 0x00040000, ABSOLUTE)

    Exec Addr    Load Addr    Size         Type   Attr      Idx    E Section Name        Object

    0x08000000   0x08000000   0x00000130   Data   RO            3    RESET               startup_stm32f103xe.o
    0x08000130   0x08000130   0x00000000   Code   RO         6425  * .ARM.Collect$$$$00000000  mc_w.l(entry.o)
    0x08000130   0x08000130   0x00000004   Code   RO         6789    .ARM.Collect$$$$00000001  mc_w.l(entry2.o)
    0x08000134   0x08000134   0x00000004   Code   RO         6792    .ARM.Collect$$$$00000004  mc_w.l(entry5.o)
    0x08000138   0x08000138   0x00000000   Code   RO         6794    .ARM.Collect$$$$00000008  mc_w.l(entry7b.o)
    0x08000138   0x08000138   0x00000000   Code   RO         6796    .ARM.Collect$$$$0000000A  mc_w.l(entry8b.o)
    0x08000138   0x08000138   0x00000008   Code   RO         6797    .ARM.Collect$$$$0000000B  mc_w.l(entry9a.o)
    0x08000140   0x08000140   0x00000000   Code   RO         6799    .ARM.Collect$$$$0000000D  mc_w.l(entry10a.o)
    0x08000140   0x08000140   0x00000000   Code   RO         6801    .ARM.Collect$$$$0000000F  mc_w.l(entry11a.o)
    0x08000140   0x08000140   0x00000004   Code   RO         6790    .ARM.Collect$$$$00002712  mc_w.l(entry2.o)
    0x08000144   0x08000144   0x00000096   Code   RO          728    .emb_text           port.o
    0x080001da   0x080001da   0x00000002   PAD
    0x080001dc   0x080001dc   0x00000024   Code   RO            4    .text               startup_stm32f103xe.o
    0x08000200   0x08000200   0x00000020   Code   RO         6430    .text               mc_w.l(llushr.o)
    0x08000220   0x08000220   0x00000008   Code   RO         6432    .text               mc_w.l(ctype_o.o)
    0x08000228   0x08000228   0x00000012   Code   RO         6454    .text               mc_w.l(isspace_o.o)
    0x0800023a   0x0800023a   0x00000040   Code   RO         6462    .text               mc_w.l(memmovea.o)
    0x0800027a   0x0800027a   0x00000024   Code   RO         6464    .text               mc_w.l(memseta.o)
    0x0800029e   0x0800029e   0x00000024   Code   RO         6466    .text               mc_w.l(strstr.o)
    0x080002c2   0x080002c2   0x00000018   Code   RO         6468    .text               mc_w.l(strncpy.o)
    0x080002da   0x080002da   0x00000014   Code   RO         6470    .text               mc_w.l(strchr.o)
    0x080002ee   0x080002ee   0x0000000e   Code   RO         6472    .text               mc_w.l(strlen.o)
    0x080002fc   0x080002fc   0x0000001c   Code   RO         6474    .text               mc_w.l(strcmp.o)
    0x08000318   0x08000318   0x0000001a   Code   RO         6476    .text               mc_w.l(memcmp.o)
    0x08000332   0x08000332   0x00000012   Code   RO         6478    .text               mc_w.l(strcpy.o)
    0x08000344   0x08000344   0x0000001e   Code   RO         6480    .text               mc_w.l(strncmp.o)
    0x08000362   0x08000362   0x00000020   Code   RO         6482    .text               mc_w.l(strrchr.o)
    0x08000382   0x08000382   0x00000002   PAD
    0x08000384   0x08000384   0x00000038   Code   RO         6751    .text               mc_w.l(__0sscanf.o)
    0x080003bc   0x080003bc   0x0000014c   Code   RO         6753    .text               mc_w.l(_scanf_int.o)
    0x08000508   0x08000508   0x00000360   Code   RO         6755    .text               mc_w.l(scanf_fp.o)
    0x08000868   0x08000868   0x00000070   Code   RO         6759    .text               mc_w.l(strtol.o)
    0x080008d8   0x080008d8   0x00000072   Code   RO         6761    .text               mc_w.l(strtoul.o)
    0x0800094a   0x0800094a   0x00000004   Code   RO         6763    .text               mc_w.l(strtoll.o)
    0x0800094e   0x0800094e   0x00000004   Code   RO         6765    .text               mc_w.l(strtoull.o)
    0x08000952   0x08000952   0x0000001a   Code   RO         6767    .text               mc_w.l(atoi.o)
    0x0800096c   0x0800096c   0x0000014e   Code   RO         6773    .text               mf_w.l(dadd.o)
    0x08000aba   0x08000aba   0x000000e4   Code   RO         6775    .text               mf_w.l(dmul.o)
    0x08000b9e   0x08000b9e   0x0000002e   Code   RO         6777    .text               mf_w.l(dscalb.o)
    0x08000bcc   0x08000bcc   0x00000012   Code   RO         6779    .text               mf_w.l(fflti.o)
    0x08000bde   0x08000bde   0x0000001a   Code   RO         6781    .text               mf_w.l(dfltui.o)
    0x08000bf8   0x08000bf8   0x00000026   Code   RO         6785    .text               mf_w.l(f2d.o)
    0x08000c1e   0x08000c1e   0x00000038   Code   RO         6787    .text               mf_w.l(d2f.o)
    0x08000c56   0x08000c56   0x0000002c   Code   RO         6803    .text               mc_w.l(uidiv.o)
    0x08000c82   0x08000c82   0x00000062   Code   RO         6805    .text               mc_w.l(uldiv.o)
    0x08000ce4   0x08000ce4   0x0000001e   Code   RO         6807    .text               mc_w.l(llshl.o)
    0x08000d02   0x08000d02   0x00000024   Code   RO         6809    .text               mc_w.l(llsshr.o)
    0x08000d26   0x08000d26   0x0000001c   Code   RO         6818    .text               mc_w.l(_chval.o)
    0x08000d42   0x08000d42   0x00000002   PAD
    0x08000d44   0x08000d44   0x00000028   Code   RO         6824    .text               mc_w.l(scanf_char.o)
    0x08000d6c   0x08000d6c   0x00000040   Code   RO         6826    .text               mc_w.l(_sgetc.o)
    0x08000dac   0x08000dac   0x0000009e   Code   RO         6828    .text               mc_w.l(_strtoul.o)
    0x08000e4a   0x08000e4a   0x00000090   Code   RO         6830    .text               mc_w.l(__strtoll.o)
    0x08000eda   0x08000eda   0x0000007c   Code   RO         6832    .text               mc_w.l(__strtoull.o)
    0x08000f56   0x08000f56   0x00000000   Code   RO         6834    .text               mc_w.l(iusefp.o)
    0x08000f56   0x08000f56   0x0000006e   Code   RO         6835    .text               mf_w.l(fepilogue.o)
    0x08000fc4   0x08000fc4   0x000000ba   Code   RO         6837    .text               mf_w.l(depilogue.o)
    0x0800107e   0x0800107e   0x000000de   Code   RO         6839    .text               mf_w.l(ddiv.o)
    0x0800115c   0x0800115c   0x00000018   Code   RO         6841    .text               mf_w.l(dfltul.o)
    0x08001174   0x08001174   0x00000030   Code   RO         6843    .text               mf_w.l(dfixul.o)
    0x080011a4   0x080011a4   0x00000030   Code   RO         6845    .text               mf_w.l(cdrcmple.o)
    0x080011d4   0x080011d4   0x00000024   Code   RO         6847    .text               mc_w.l(init.o)
    0x080011f8   0x080011f8   0x0000032c   Code   RO         6851    .text               mc_w.l(_scanf.o)
    0x08001524   0x08001524   0x000000c2   Code   RO         6853    .text               mc_w.l(_strtoull.o)
    0x080015e6   0x080015e6   0x00000056   Code   RO         6866    .text               mc_w.l(__dczerorl2.o)
    0x0800163c   0x0800163c   0x0000004c   Code   RO         4318    i.ADC_ConversionStop_Disable  stm32f1xx_hal_adc.o
    0x08001688   0x08001688   0x00000070   Code   RO         4322    i.ADC_Enable        stm32f1xx_hal_adc.o
    0x080016f8   0x080016f8   0x00000004   Code   RO          510    i.AT_Uart_Init      board.o
    0x080016fc   0x080016fc   0x0000001e   Code   RO          511    i.BoardInit         board.o
    0x0800171a   0x0800171a   0x00000002   Code   RO          176    i.BusFault_Handler  stm32f1xx_it.o
    0x0800171c   0x0800171c   0x00000010   Code   RO          587    i.CountForClk       peripheral_drv.o
    0x0800172c   0x0800172c   0x00000002   Code   RO          177    i.DebugMon_Handler  stm32f1xx_it.o
    0x0800172e   0x0800172e   0x00000002   PAD
    0x08001730   0x08001730   0x000000f8   Code   RO          512    i.GPIO_Init         board.o
    0x08001828   0x08001828   0x00000030   Code   RO          588    i.GenOneClk         peripheral_drv.o
    0x08001858   0x08001858   0x00000024   Code   RO          589    i.GetLumen          peripheral_drv.o
    0x0800187c   0x0800187c   0x0000007c   Code   RO          590    i.GrayDataSend      peripheral_drv.o
    0x080018f8   0x080018f8   0x00000100   Code   RO         4324    i.HAL_ADC_ConfigChannel  stm32f1xx_hal_adc.o
    0x080019f8   0x080019f8   0x00000006   Code   RO         4331    i.HAL_ADC_GetValue  stm32f1xx_hal_adc.o
    0x080019fe   0x080019fe   0x00000002   PAD
    0x08001a00   0x08001a00   0x00000128   Code   RO         4333    i.HAL_ADC_Init      stm32f1xx_hal_adc.o
    0x08001b28   0x08001b28   0x00000058   Code   RO           14    i.HAL_ADC_MspInit   stm32f1xx_hal_msp.o
    0x08001b80   0x08001b80   0x000000c0   Code   RO         4339    i.HAL_ADC_Start     stm32f1xx_hal_adc.o
    0x08001c40   0x08001c40   0x00000024   Code   RO         2968    i.HAL_Delay         stm32f1xx_hal.o
    0x08001c64   0x08001c64   0x00000004   Code   RO         4594    i.HAL_DelayMs       hal_os.o
    0x08001c68   0x08001c68   0x00000004   Code   RO         4596    i.HAL_Free          hal_os.o
    0x08001c6c   0x08001c6c   0x000001ec   Code   RO         3123    i.HAL_GPIO_Init     stm32f1xx_hal_gpio.o
    0x08001e58   0x08001e58   0x0000000a   Code   RO         3127    i.HAL_GPIO_WritePin  stm32f1xx_hal_gpio.o
    0x08001e62   0x08001e62   0x00000002   PAD
    0x08001e64   0x08001e64   0x00000044   Code   RO         4597    i.HAL_GetDevInfo    hal_os.o
    0x08001ea8   0x08001ea8   0x0000000c   Code   RO         2972    i.HAL_GetTick       stm32f1xx_hal.o
    0x08001eb4   0x08001eb4   0x0000000c   Code   RO         2973    i.HAL_GetTickFreq   stm32f1xx_hal.o
    0x08001ec0   0x08001ec0   0x00000004   Code   RO         4598    i.HAL_GetTimeMs     hal_os.o
    0x08001ec4   0x08001ec4   0x00000144   Code   RO         3931    i.HAL_I2C_Init      stm32f1xx_hal_i2c.o
    0x08002008   0x08002008   0x00000214   Code   RO         3937    i.HAL_I2C_Master_Receive  stm32f1xx_hal_i2c.o
    0x0800221c   0x0800221c   0x0000013c   Code   RO         3942    i.HAL_I2C_Master_Transmit  stm32f1xx_hal_i2c.o
    0x08002358   0x08002358   0x00000080   Code   RO           16    i.HAL_I2C_MspInit   stm32f1xx_hal_msp.o
    0x080023d8   0x080023d8   0x00000010   Code   RO         2976    i.HAL_IncTick       stm32f1xx_hal.o
    0x080023e8   0x080023e8   0x00000024   Code   RO         2977    i.HAL_Init          stm32f1xx_hal.o
    0x0800240c   0x0800240c   0x00000074   Code   RO          430    i.HAL_InitTick      stm32f1xx_hal_timebase_tim.o
    0x08002480   0x08002480   0x00000004   Code   RO         4600    i.HAL_Malloc        hal_os.o
    0x08002484   0x08002484   0x0000007c   Code   RO           17    i.HAL_MspInit       stm32f1xx_hal_msp.o
    0x08002500   0x08002500   0x00000006   Code   RO         4601    i.HAL_MutexCreate   hal_os.o
    0x08002506   0x08002506   0x00000002   PAD
    0x08002508   0x08002508   0x00000038   Code   RO         4602    i.HAL_MutexDestroy  hal_os.o
    0x08002540   0x08002540   0x00000038   Code   RO         4603    i.HAL_MutexLock     hal_os.o
    0x08002578   0x08002578   0x00000038   Code   RO         4604    i.HAL_MutexUnlock   hal_os.o
    0x080025b0   0x080025b0   0x00000016   Code   RO         2482    i.HAL_NVIC_EnableIRQ  stm32f1xx_hal_cortex.o
    0x080025c6   0x080025c6   0x00000002   PAD
    0x080025c8   0x080025c8   0x00000040   Code   RO         2488    i.HAL_NVIC_SetPriority  stm32f1xx_hal_cortex.o
    0x08002608   0x08002608   0x00000024   Code   RO         2489    i.HAL_NVIC_SetPriorityGrouping  stm32f1xx_hal_cortex.o
    0x0800262c   0x0800262c   0x0000001c   Code   RO         4605    i.HAL_Printf        hal_os.o
    0x08002648   0x08002648   0x000000e8   Code   RO         2832    i.HAL_RCCEx_PeriphCLKConfig  stm32f1xx_hal_rcc_ex.o
    0x08002730   0x08002730   0x00000150   Code   RO         2294    i.HAL_RCC_ClockConfig  stm32f1xx_hal_rcc.o
    0x08002880   0x08002880   0x00000040   Code   RO         2298    i.HAL_RCC_GetClockConfig  stm32f1xx_hal_rcc.o
    0x080028c0   0x080028c0   0x0000000c   Code   RO         2299    i.HAL_RCC_GetHCLKFreq  stm32f1xx_hal_rcc.o
    0x080028cc   0x080028cc   0x00000020   Code   RO         2301    i.HAL_RCC_GetPCLK1Freq  stm32f1xx_hal_rcc.o
    0x080028ec   0x080028ec   0x00000020   Code   RO         2302    i.HAL_RCC_GetPCLK2Freq  stm32f1xx_hal_rcc.o
    0x0800290c   0x0800290c   0x0000006c   Code   RO         2303    i.HAL_RCC_GetSysClockFreq  stm32f1xx_hal_rcc.o
    0x08002978   0x08002978   0x000002fc   Code   RO         2306    i.HAL_RCC_OscConfig  stm32f1xx_hal_rcc.o
    0x08002c74   0x08002c74   0x00000018   Code   RO         2491    i.HAL_SYSTICK_CLKSourceConfig  stm32f1xx_hal_cortex.o
    0x08002c8c   0x08002c8c   0x00000028   Code   RO         2493    i.HAL_SYSTICK_Config  stm32f1xx_hal_cortex.o
    0x08002cb4   0x08002cb4   0x00000004   Code   RO         4607    i.HAL_SleepMs       hal_os.o
    0x08002cb8   0x08002cb8   0x00000012   Code   RO         4608    i.HAL_Snprintf      hal_os.o
    0x08002cca   0x08002cca   0x00000002   Code   RO         2597    i.HAL_TIMEx_BreakCallback  stm32f1xx_hal_tim_ex.o
    0x08002ccc   0x08002ccc   0x00000002   Code   RO         2598    i.HAL_TIMEx_CommutationCallback  stm32f1xx_hal_tim_ex.o
    0x08002cce   0x08002cce   0x00000050   Code   RO         2614    i.HAL_TIMEx_MasterConfigSynchronization  stm32f1xx_hal_tim_ex.o
    0x08002d1e   0x08002d1e   0x00000038   Code   RO         3291    i.HAL_TIM_Base_Init  stm32f1xx_hal_tim.o
    0x08002d56   0x08002d56   0x00000002   PAD
    0x08002d58   0x08002d58   0x00000038   Code   RO           19    i.HAL_TIM_Base_MspInit  stm32f1xx_hal_msp.o
    0x08002d90   0x08002d90   0x00000018   Code   RO         3296    i.HAL_TIM_Base_Start_IT  stm32f1xx_hal_tim.o
    0x08002da8   0x08002da8   0x000000f0   Code   RO         3300    i.HAL_TIM_ConfigClockSource  stm32f1xx_hal_tim.o
    0x08002e98   0x08002e98   0x00000002   Code   RO         3320    i.HAL_TIM_IC_CaptureCallback  stm32f1xx_hal_tim.o
    0x08002e9a   0x08002e9a   0x00000166   Code   RO         3333    i.HAL_TIM_IRQHandler  stm32f1xx_hal_tim.o
    0x08003000   0x08003000   0x00000002   Code   RO         3336    i.HAL_TIM_OC_DelayElapsedCallback  stm32f1xx_hal_tim.o
    0x08003002   0x08003002   0x00000002   Code   RO         3363    i.HAL_TIM_PWM_PulseFinishedCallback  stm32f1xx_hal_tim.o
    0x08003004   0x08003004   0x00000014   Code   RO          297    i.HAL_TIM_PeriodElapsedCallback  main.o
    0x08003018   0x08003018   0x00000002   Code   RO         3374    i.HAL_TIM_TriggerCallback  stm32f1xx_hal_tim.o
    0x0800301a   0x0800301a   0x0000001a   Code   RO         5548    i.HAL_Timer_countdown  at_timer.o
    0x08003034   0x08003034   0x00000010   Code   RO         5549    i.HAL_Timer_countdown_ms  at_timer.o
    0x08003044   0x08003044   0x00000016   Code   RO         5550    i.HAL_Timer_expired  at_timer.o
    0x0800305a   0x0800305a   0x00000006   Code   RO         5551    i.HAL_Timer_init    at_timer.o
    0x08003060   0x08003060   0x00000064   Code   RO         1831    i.HAL_UART_Init     stm32f1xx_hal_uart.o
    0x080030c4   0x080030c4   0x00000180   Code   RO           21    i.HAL_UART_MspInit  stm32f1xx_hal_msp.o
    0x08003244   0x08003244   0x000000bc   Code   RO         1839    i.HAL_UART_Transmit  stm32f1xx_hal_uart.o
    0x08003300   0x08003300   0x00000002   Code   RO          178    i.HardFault_Handler  stm32f1xx_it.o
    0x08003302   0x08003302   0x00000002   PAD
    0x08003304   0x08003304   0x000000d4   Code   RO          591    i.HumAndTempRead    peripheral_drv.o
    0x080033d8   0x080033d8   0x00000028   Code   RO         3969    i.I2C_IsAcknowledgeFailed  stm32f1xx_hal_i2c.o
    0x08003400   0x08003400   0x000000e2   Code   RO         3972    i.I2C_MasterRequestRead  stm32f1xx_hal_i2c.o
    0x080034e2   0x080034e2   0x00000002   PAD
    0x080034e4   0x080034e4   0x0000009c   Code   RO         3973    i.I2C_MasterRequestWrite  stm32f1xx_hal_i2c.o
    0x08003580   0x08003580   0x00000050   Code   RO         3982    i.I2C_WaitOnBTFFlagUntilTimeout  stm32f1xx_hal_i2c.o
    0x080035d0   0x080035d0   0x00000060   Code   RO         3983    i.I2C_WaitOnFlagUntilTimeout  stm32f1xx_hal_i2c.o
    0x08003630   0x08003630   0x00000086   Code   RO         3984    i.I2C_WaitOnMasterAddressFlagUntilTimeout  stm32f1xx_hal_i2c.o
    0x080036b6   0x080036b6   0x00000064   Code   RO         3985    i.I2C_WaitOnRXNEFlagUntilTimeout  stm32f1xx_hal_i2c.o
    0x0800371a   0x0800371a   0x00000050   Code   RO         3986    i.I2C_WaitOnTXEFlagUntilTimeout  stm32f1xx_hal_i2c.o
    0x0800376a   0x0800376a   0x00000002   PAD
    0x0800376c   0x0800376c   0x0000009c   Code   RO         6110    i.IOT_ACTION_REPLY  data_template_aciton.o
    0x08003808   0x08003808   0x000000fc   Code   RO         6111    i.IOT_Action_Init   data_template_aciton.o
    0x08003904   0x08003904   0x000000c0   Code   RO         6112    i.IOT_Action_Register  data_template_aciton.o
    0x080039c4   0x080039c4   0x000000f8   Code   RO         5905    i.IOT_Event_Init    data_template_event.o
    0x08003abc   0x08003abc   0x00000008   Code   RO         5906    i.IOT_Event_clearFlag  data_template_event.o
    0x08003ac4   0x08003ac4   0x00000004   Code   RO         5907    i.IOT_Event_getFlag  data_template_event.o
    0x08003ac8   0x08003ac8   0x00000008   Code   RO         5908    i.IOT_Event_setFlag  data_template_event.o
    0x08003ad0   0x08003ad0   0x0000005c   Code   RO         5349    i.IOT_MQTT_IsConnected  module_api_inf.o
    0x08003b2c   0x08003b2c   0x000000b8   Code   RO         5909    i.IOT_Post_Event    data_template_event.o
    0x08003be4   0x08003be4   0x00000170   Code   RO         5606    i.IOT_Template_ClearControl  data_template_client.o
    0x08003d54   0x08003d54   0x0000014c   Code   RO         5607    i.IOT_Template_Construct  data_template_client.o
    0x08003ea0   0x08003ea0   0x000001ac   Code   RO         5608    i.IOT_Template_ControlReply  data_template_client.o
    0x0800404c   0x0800404c   0x00000078   Code   RO         5609    i.IOT_Template_Destroy  data_template_client.o
    0x080040c4   0x080040c4   0x00000148   Code   RO         5610    i.IOT_Template_GetStatus  data_template_client.o
    0x0800420c   0x0800420c   0x000000ec   Code   RO         5611    i.IOT_Template_GetStatus_sync  data_template_client.o
    0x080042f8   0x080042f8   0x00000188   Code   RO         5613    i.IOT_Template_JSON_ConstructReportArray  data_template_client.o
    0x08004480   0x08004480   0x00000218   Code   RO         5614    i.IOT_Template_JSON_ConstructSysInfo  data_template_client.o
    0x08004698   0x08004698   0x000000a4   Code   RO         5615    i.IOT_Template_Message_Arrived_CallBack  data_template_client.o
    0x0800473c   0x0800473c   0x00000070   Code   RO         5616    i.IOT_Template_Register_Action  data_template_client.o
    0x080047ac   0x080047ac   0x00000080   Code   RO         5617    i.IOT_Template_Register_Property  data_template_client.o
    0x0800482c   0x0800482c   0x00000174   Code   RO         5618    i.IOT_Template_Report  data_template_client.o
    0x080049a0   0x080049a0   0x00000174   Code   RO         5620    i.IOT_Template_Report_SysInfo  data_template_client.o
    0x08004b14   0x08004b14   0x00000148   Code   RO         5621    i.IOT_Template_Report_SysInfo_Sync  data_template_client.o
    0x08004c5c   0x08004c5c   0x00000098   Code   RO         5624    i.IOT_Template_Yield  data_template_client.o
    0x08004cf4   0x08004cf4   0x0000001a   Code   RO          592    i.InitRGBState      peripheral_drv.o
    0x08004d0e   0x08004d0e   0x00000004   Code   RO         4941    i.InitTimer         utils_timer.o
    0x08004d12   0x08004d12   0x00000002   PAD
    0x08004d14   0x08004d14   0x00000160   Code   RO         5350    i.L206_net_reg      module_api_inf.o
    0x08004e74   0x08004e74   0x00000020   Code   RO         4841    i.LITE_get_boolean  json_token.o
    0x08004e94   0x08004e94   0x00000020   Code   RO         4842    i.LITE_get_double   json_token.o
    0x08004eb4   0x08004eb4   0x00000020   Code   RO         4843    i.LITE_get_float    json_token.o
    0x08004ed4   0x08004ed4   0x00000020   Code   RO         4844    i.LITE_get_int16    json_token.o
    0x08004ef4   0x08004ef4   0x00000020   Code   RO         4845    i.LITE_get_int32    json_token.o
    0x08004f14   0x08004f14   0x00000024   Code   RO         4846    i.LITE_get_int8     json_token.o
    0x08004f38   0x08004f38   0x00000030   Code   RO         4847    i.LITE_get_string   json_token.o
    0x08004f68   0x08004f68   0x00000020   Code   RO         4848    i.LITE_get_uint16   json_token.o
    0x08004f88   0x08004f88   0x00000020   Code   RO         4849    i.LITE_get_uint32   json_token.o
    0x08004fa8   0x08004fa8   0x00000024   Code   RO         4850    i.LITE_get_uint8    json_token.o
    0x08004fcc   0x08004fcc   0x000000a0   Code   RO         4853    i.LITE_json_value_of  json_token.o
    0x0800506c   0x0800506c   0x00000070   Code   RO         5253    i.Log_writter       at_log.o
    0x080050dc   0x080050dc   0x00000068   Code   RO          513    i.MX_ADC3_Init      board.o
    0x08005144   0x08005144   0x00000048   Code   RO          514    i.MX_I2C1_Init      board.o
    0x0800518c   0x0800518c   0x00000048   Code   RO          515    i.MX_I2C2_Init      board.o
    0x080051d4   0x080051d4   0x00000068   Code   RO          516    i.MX_TIM2_Init      board.o
    0x0800523c   0x0800523c   0x00000040   Code   RO          517    i.MX_UART4_Init     board.o
    0x0800527c   0x0800527c   0x00000040   Code   RO          518    i.MX_USART1_UART_Init  board.o
    0x080052bc   0x080052bc   0x00000002   Code   RO          179    i.MemManage_Handler  stm32f1xx_it.o
    0x080052be   0x080052be   0x00000002   PAD
    0x080052c0   0x080052c0   0x0000003c   Code   RO          593    i.MotorControl      peripheral_drv.o
    0x080052fc   0x080052fc   0x00000002   Code   RO          180    i.NMI_Handler       stm32f1xx_it.o
    0x080052fe   0x080052fe   0x00000020   Code   RO         2495    i.NVIC_SetPriority  stm32f1xx_hal_cortex.o
    0x0800531e   0x0800531e   0x00000002   PAD
    0x08005320   0x08005320   0x00000094   Code   RO          594    i.OLED_ShowChar     peripheral_drv.o
    0x080053b4   0x080053b4   0x00000052   Code   RO          595    i.OledClear         peripheral_drv.o
    0x08005406   0x08005406   0x00000162   Code   RO          596    i.OledInit          peripheral_drv.o
    0x08005568   0x08005568   0x0000002c   Code   RO          597    i.OledSetPos        peripheral_drv.o
    0x08005594   0x08005594   0x00000074   Code   RO          598    i.OledShowString    peripheral_drv.o
    0x08005608   0x08005608   0x00000028   Code   RO          599    i.OledWriteOnI2c    peripheral_drv.o
    0x08005630   0x08005630   0x00000110   Code   RO         6217    i.OnActionCallback  data_template_usr_logic.o
    0x08005740   0x08005740   0x0000009c   Code   RO         6218    i.OnControlMsgCallback  data_template_usr_logic.o
    0x080057dc   0x080057dc   0x00000040   Code   RO         6219    i.OnReportReplyCallback  data_template_usr_logic.o
    0x0800581c   0x0800581c   0x00000004   Code   RO          181    i.SysTick_Handler   stm32f1xx_it.o
    0x08005820   0x08005820   0x00000094   Code   RO          519    i.SystemClock_Config  board.o
    0x080058b4   0x080058b4   0x00000048   Code   RO          694    i.SystemInit        system_stm32f1xx.o
    0x080058fc   0x080058fc   0x0000000c   Code   RO          182    i.TIM1_UP_IRQHandler  stm32f1xx_it.o
    0x08005908   0x08005908   0x0000000c   Code   RO          183    i.TIM2_IRQHandler   stm32f1xx_it.o
    0x08005914   0x08005914   0x0000008c   Code   RO         3375    i.TIM_Base_SetConfig  stm32f1xx_hal_tim.o
    0x080059a0   0x080059a0   0x00000014   Code   RO         3382    i.TIM_ETR_SetConfig  stm32f1xx_hal_tim.o
    0x080059b4   0x080059b4   0x00000010   Code   RO         3383    i.TIM_ITRx_SetConfig  stm32f1xx_hal_tim.o
    0x080059c4   0x080059c4   0x00000022   Code   RO         3389    i.TIM_TI1_ConfigInputStage  stm32f1xx_hal_tim.o
    0x080059e6   0x080059e6   0x00000024   Code   RO         3391    i.TIM_TI2_ConfigInputStage  stm32f1xx_hal_tim.o
    0x08005a0a   0x08005a0a   0x00000008   Code   RO          600    i.TakeAntiCode      peripheral_drv.o
    0x08005a12   0x08005a12   0x00000002   PAD
    0x08005a14   0x08005a14   0x00000034   Code   RO         4735    i.UART4_IRQHandler  hal_at.o
    0x08005a48   0x08005a48   0x00000170   Code   RO         1857    i.UART_SetConfig    stm32f1xx_hal_uart.o
    0x08005bb8   0x08005bb8   0x00000062   Code   RO         1859    i.UART_WaitOnFlagUntilTimeout  stm32f1xx_hal_uart.o
    0x08005c1a   0x08005c1a   0x00000002   Code   RO          184    i.UsageFault_Handler  stm32f1xx_it.o
    0x08005c1c   0x08005c1c   0x00000002   Code   RO          298    i._Error_Handler    main.o
    0x08005c1e   0x08005c1e   0x00000002   PAD
    0x08005c20   0x08005c20   0x00000458   Code   RO         5911    i._IOT_Construct_Event_JSON  data_template_event.o
    0x08006078   0x08006078   0x00000120   Code   RO         5912    i._IOT_Event_JSON_Init  data_template_event.o
    0x08006198   0x08006198   0x00000020   Code   RO         6721    i.__0printf         mc_w.l(printfa.o)
    0x080061b8   0x080061b8   0x00000010   Code   RO         6725    i.__0vprintf        mc_w.l(printfa.o)
    0x080061c8   0x080061c8   0x0000002c   Code   RO         6726    i.__0vsnprintf      mc_w.l(printfa.o)
    0x080061f4   0x080061f4   0x00000008   Code   RO         6811    i.__aeabi_errno_addr  mc_w.l(errno.o)
    0x080061fc   0x080061fc   0x0000000e   Code   RO         6860    i.__scatterload_copy  mc_w.l(handlers.o)
    0x0800620a   0x0800620a   0x00000002   Code   RO         6861    i.__scatterload_null  mc_w.l(handlers.o)
    0x0800620c   0x0800620c   0x0000000e   Code   RO         6862    i.__scatterload_zeroinit  mc_w.l(handlers.o)
    0x0800621a   0x0800621a   0x00000002   PAD
    0x0800621c   0x0800621c   0x00000088   Code   RO         6114    i._add_action_handle_to_template_list  data_template_aciton.o
    0x080062a4   0x080062a4   0x00000088   Code   RO         5768    i._add_property_handle_to_template_list  data_template_client_common.o
    0x0800632c   0x0800632c   0x000000e8   Code   RO         5806    i._add_request_to_template_list  data_template_client_manager.o
    0x08006414   0x08006414   0x00000026   Code   RO         6115    i._check_action_existence  data_template_aciton.o
    0x0800643a   0x0800643a   0x00000002   PAD
    0x0800643c   0x0800643c   0x00000118   Code   RO         5913    i._create_event_add_to_list  data_template_event.o
    0x08006554   0x08006554   0x00000100   Code   RO         5989    i._direct_update_value  data_template_client_json.o
    0x08006654   0x08006654   0x00000184   Code   RO         6728    i._fp_digits        mc_w.l(printfa.o)
    0x080067d8   0x080067d8   0x000000b4   Code   RO         5625    i._get_status_reply_ack_cb  data_template_client.o
    0x0800688c   0x0800688c   0x000000a8   Code   RO         6116    i._handle_aciton    data_template_aciton.o
    0x08006934   0x08006934   0x0000009c   Code   RO         5807    i._handle_control   data_template_client_manager.o
    0x080069d0   0x080069d0   0x00000084   Code   RO         5626    i._handle_message   data_template_client.o
    0x08006a54   0x08006a54   0x0000004c   Code   RO         5808    i._handle_template_expired_reply_callback  data_template_client_manager.o
    0x08006aa0   0x08006aa0   0x00000130   Code   RO         5809    i._handle_template_reply_callback  data_template_client_manager.o
    0x08006bd0   0x08006bd0   0x00000094   Code   RO         6220    i._init_data_template  data_template_usr_logic.o
    0x08006c64   0x08006c64   0x000000ac   Code   RO         6117    i._iot_action_json_init  data_template_aciton.o
    0x08006d10   0x08006d10   0x00000224   Code   RO         6118    i._iot_construct_action_json  data_template_aciton.o
    0x08006f34   0x08006f34   0x0000000e   Code   RO         6757    i._is_digit         mc_w.l(scanf_fp.o)
    0x08006f42   0x08006f42   0x00000086   Code   RO         5520    i._is_topic_matched  mqtt.o
    0x08006fc8   0x08006fc8   0x000001bc   Code   RO         6119    i._on_action_handle_callback  data_template_aciton.o
    0x08007184   0x08007184   0x0000010c   Code   RO         5914    i._on_event_reply_callback  data_template_event.o
    0x08007290   0x08007290   0x00000184   Code   RO         5810    i._on_template_downstream_topic_handler  data_template_client_manager.o
    0x08007414   0x08007414   0x0000013c   Code   RO         6120    i._parse_action_input  data_template_aciton.o
    0x08007550   0x08007550   0x000006dc   Code   RO         6729    i._printf_core      mc_w.l(printfa.o)
    0x08007c2c   0x08007c2c   0x00000024   Code   RO         6730    i._printf_post_padding  mc_w.l(printfa.o)
    0x08007c50   0x08007c50   0x0000002e   Code   RO         6731    i._printf_pre_padding  mc_w.l(printfa.o)
    0x08007c7e   0x08007c7e   0x00000002   PAD
    0x08007c80   0x08007c80   0x00000110   Code   RO         6121    i._publish_action_to_cloud  data_template_aciton.o
    0x08007d90   0x08007d90   0x000000f4   Code   RO         5915    i._publish_event_to_cloud  data_template_event.o
    0x08007e84   0x08007e84   0x000000ac   Code   RO         5811    i._publish_to_template_upstream_topic  data_template_client_manager.o
    0x08007f30   0x08007f30   0x000000c8   Code   RO         6221    i._register_data_template_action  data_template_usr_logic.o
    0x08007ff8   0x08007ff8   0x000000c8   Code   RO         6222    i._register_data_template_property  data_template_usr_logic.o
    0x080080c0   0x080080c0   0x00000098   Code   RO         5627    i._reply_ack_cb     data_template_client.o
    0x08008158   0x08008158   0x00000020   Code   RO         5812    i._set_control_clientToken  data_template_client_manager.o
    0x08008178   0x08008178   0x00000138   Code   RO         5813    i._set_template_json_type  data_template_client_manager.o
    0x080082b0   0x080082b0   0x00000016   Code   RO         6732    i._snputc           mc_w.l(printfa.o)
    0x080082c6   0x080082c6   0x00000002   PAD
    0x080082c8   0x080082c8   0x00000108   Code   RO         5628    i._template_ConstructControlReply  data_template_client.o
    0x080083d0   0x080083d0   0x000000fc   Code   RO         5916    i._traverse_event_list  data_template_event.o
    0x080084cc   0x080084cc   0x0000009c   Code   RO         5814    i._traverse_template_list  data_template_client_manager.o
    0x08008568   0x08008568   0x000000cc   Code   RO         5815    i._unsubscribe_template_downstream_topic  data_template_client_manager.o
    0x08008634   0x08008634   0x00000008   Code   RO         5124    i.at_client_get     at_client.o
    0x0800863c   0x0800863c   0x00000036   Code   RO         5125    i.at_client_getchar  at_client.o
    0x08008672   0x08008672   0x00000002   PAD
    0x08008674   0x08008674   0x000000f4   Code   RO         5126    i.at_client_init    at_client.o
    0x08008768   0x08008768   0x000000c0   Code   RO         5128    i.at_client_para_init  at_client.o
    0x08008828   0x08008828   0x00000074   Code   RO         5129    i.at_client_send    at_client.o
    0x0800889c   0x0800889c   0x00000068   Code   RO         5131    i.at_create_resp    at_client.o
    0x08008904   0x08008904   0x0000001a   Code   RO         5132    i.at_delete_resp    at_client.o
    0x0800891e   0x0800891e   0x00000002   PAD
    0x08008920   0x08008920   0x00000014   Code   RO         5287    i.at_get_last_cmd   at_utils.o
    0x08008934   0x08008934   0x0000014c   Code   RO         5133    i.at_obj_exec_cmd   at_client.o
    0x08008a80   0x08008a80   0x000000ac   Code   RO         5134    i.at_recv_readline  at_client.o
    0x08008b2c   0x08008b2c   0x00000080   Code   RO         5289    i.at_req_parse_args  at_utils.o
    0x08008bac   0x08008bac   0x000000c8   Code   RO         5135    i.at_resp_get_line  at_client.o
    0x08008c74   0x08008c74   0x00000024   Code   RO         4736    i.at_send_data      hal_at.o
    0x08008c98   0x08008c98   0x0000000c   Code   RO         5139    i.at_set_end_sign   at_client.o
    0x08008ca4   0x08008ca4   0x000000d8   Code   RO         5140    i.at_set_urc_table  at_client.o
    0x08008d7c   0x08008d7c   0x00000248   Code   RO         5290    i.at_sscanf         at_utils.o
    0x08008fc4   0x08008fc4   0x0000002e   Code   RO         5291    i.at_strip          at_utils.o
    0x08008ff2   0x08008ff2   0x00000002   PAD
    0x08008ff4   0x08008ff4   0x00000028   Code   RO         5292    i.at_vprintf        at_utils.o
    0x0800901c   0x0800901c   0x00000018   Code   RO         5293    i.at_vprintfln      at_utils.o
    0x08009034   0x08009034   0x00000038   Code   RO         5990    i.build_empty_json  data_template_client_json.o
    0x0800906c   0x0800906c   0x0000001c   Code   RO         5991    i.check_snprintf_return  data_template_client_json.o
    0x08009088   0x08009088   0x00000026   Code   RO         5294    i.chr_strip         at_utils.o
    0x080090ae   0x080090ae   0x00000002   PAD
    0x080090b0   0x080090b0   0x00000010   Code   RO         5351    i.clearFlag         module_api_inf.o
    0x080090c0   0x080090c0   0x00000114   Code   RO         5141    i.client_parser     at_client.o
    0x080091d4   0x080091d4   0x00000004   Code   RO         4942    i.countdown         utils_timer.o
    0x080091d8   0x080091d8   0x00000004   Code   RO         4943    i.countdown_ms      utils_timer.o
    0x080091dc   0x080091dc   0x0000013c   Code   RO         6223    i.cycle_report_info  data_template_usr_logic.o
    0x08009318   0x08009318   0x000005a0   Code   RO         6224    i.data_template_demo_task  data_template_usr_logic.o
    0x080098b8   0x080098b8   0x00000020   Code   RO         6225    i.data_template_sample  data_template_usr_logic.o
    0x080098d8   0x080098d8   0x0000019c   Code   RO         6226    i.deal_down_stream_user_logic  data_template_usr_logic.o
    0x08009a74   0x08009a74   0x000001d4   Code   RO         5521    i.deliver_message   mqtt.o
    0x08009c48   0x08009c48   0x0000000e   Code   RO          299    i.demoTask          main.o
    0x08009c56   0x08009c56   0x00000002   PAD
    0x08009c58   0x08009c58   0x000000a0   Code   RO         6227    i.eventPostCheck    data_template_usr_logic.o
    0x08009cf8   0x08009cf8   0x0000003c   Code   RO         6228    i.event_post_cb     data_template_usr_logic.o
    0x08009d34   0x08009d34   0x00000004   Code   RO         4944    i.expired           utils_timer.o
    0x08009d38   0x08009d38   0x0000001c   Code   RO          471    i.fputc             retarget.o
    0x08009d54   0x08009d54   0x00000008   Code   RO         5816    i.get_control_clientToken  data_template_client_manager.o
    0x08009d5c   0x08009d5c   0x00000088   Code   RO         5142    i.get_urc_obj       at_client.o
    0x08009de4   0x08009de4   0x00000030   Code   RO         4610    i.hal_thread_create  hal_os.o
    0x08009e14   0x08009e14   0x00000004   Code   RO         4611    i.hal_thread_destroy  hal_os.o
    0x08009e18   0x08009e18   0x00000012   Code   RO         5917    i.handle_template_expired_event  data_template_event.o
    0x08009e2a   0x08009e2a   0x00000002   PAD
    0x08009e2c   0x08009e2c   0x00000018   Code   RO         5817    i.handle_template_expired_reply  data_template_client_manager.o
    0x08009e44   0x08009e44   0x0000000c   Code   RO         1422    i.inHandlerMode     cmsis_os.o
    0x08009e50   0x08009e50   0x0000000e   Code   RO         5993    i.init_request_params  data_template_client_json.o
    0x08009e5e   0x08009e5e   0x00000044   Code   RO         5994    i.insert_str        data_template_client_json.o
    0x08009ea2   0x08009ea2   0x00000002   PAD
    0x08009ea4   0x08009ea4   0x00000008   Code   RO         5584    i.iot_device_info_get  iot_device.o
    0x08009eac   0x08009eac   0x000001d4   Code   RO         5585    i.iot_device_info_init  iot_device.o
    0x0800a080   0x0800a080   0x000001f4   Code   RO         4791    i.json_get_next_object  json_parser.o
    0x0800a274   0x0800a274   0x00000030   Code   RO         4792    i.json_get_object   json_parser.o
    0x0800a2a4   0x0800a2a4   0x00000054   Code   RO         4793    i.json_get_value_by_name  json_parser.o
    0x0800a2f8   0x0800a2f8   0x0000002a   Code   RO         4794    i.json_get_value_by_name_cb  json_parser.o
    0x0800a322   0x0800a322   0x00000002   PAD
    0x0800a324   0x0800a324   0x000000e4   Code   RO         4795    i.json_parse_name_value  json_parser.o
    0x0800a408   0x0800a408   0x0000002c   Code   RO         4981    i.list_destroy      utils_list.o
    0x0800a434   0x0800a434   0x00000048   Code   RO         4982    i.list_find         utils_list.o
    0x0800a47c   0x0800a47c   0x00000004   Code   RO         4983    i.list_iterator_destroy  utils_list.o
    0x0800a480   0x0800a480   0x0000000c   Code   RO         4984    i.list_iterator_new  utils_list.o
    0x0800a48c   0x0800a48c   0x00000016   Code   RO         4985    i.list_iterator_new_from_node  utils_list.o
    0x0800a4a2   0x0800a4a2   0x00000016   Code   RO         4986    i.list_iterator_next  utils_list.o
    0x0800a4b8   0x0800a4b8   0x0000002c   Code   RO         4988    i.list_lpush        utils_list.o
    0x0800a4e4   0x0800a4e4   0x0000001a   Code   RO         4989    i.list_new          utils_list.o
    0x0800a4fe   0x0800a4fe   0x00000018   Code   RO         4990    i.list_node_new     utils_list.o
    0x0800a516   0x0800a516   0x00000036   Code   RO         4991    i.list_remove       utils_list.o
    0x0800a54c   0x0800a54c   0x0000002c   Code   RO         4993    i.list_rpush        utils_list.o
    0x0800a578   0x0800a578   0x0000013c   Code   RO          300    i.main              main.o
    0x0800a6b4   0x0800a6b4   0x0000000c   Code   RO         1424    i.makeFreeRtosPriority  cmsis_os.o
    0x0800a6c0   0x0800a6c0   0x00000050   Code   RO          301    i.mem_info          main.o
    0x0800a710   0x0800a710   0x00000128   Code   RO         5352    i.module_handshake  module_api_inf.o
    0x0800a838   0x0800a838   0x000000a4   Code   RO         5353    i.module_info_set   module_api_inf.o
    0x0800a8dc   0x0800a8dc   0x00000178   Code   RO         5354    i.module_init       module_api_inf.o
    0x0800aa54   0x0800aa54   0x000000b8   Code   RO         5355    i.module_mqtt_conn  module_api_inf.o
    0x0800ab0c   0x0800ab0c   0x00000078   Code   RO         5356    i.module_mqtt_discon  module_api_inf.o
    0x0800ab84   0x0800ab84   0x000000c8   Code   RO         5357    i.module_mqtt_pub   module_api_inf.o
    0x0800ac4c   0x0800ac4c   0x000000e4   Code   RO         5358    i.module_mqtt_publ  module_api_inf.o
    0x0800ad30   0x0800ad30   0x00000074   Code   RO         5359    i.module_mqtt_state  module_api_inf.o
    0x0800ada4   0x0800ada4   0x00000134   Code   RO         5360    i.module_mqtt_sub   module_api_inf.o
    0x0800aed8   0x0800aed8   0x00000078   Code   RO         5361    i.module_mqtt_unsub  module_api_inf.o
    0x0800af50   0x0800af50   0x000000b4   Code   RO         4738    i.module_power_on   hal_at.o
    0x0800b004   0x0800b004   0x00000054   Code   RO         5362    i.module_register_network  module_api_inf.o
    0x0800b058   0x0800b058   0x000001c4   Code   RO         6229    i.net_prepare       data_template_usr_logic.o
    0x0800b21c   0x0800b21c   0x0000000e   Code   RO         1426    i.osDelay           cmsis_os.o
    0x0800b22a   0x0800b22a   0x0000000a   Code   RO         1429    i.osKernelStart     cmsis_os.o
    0x0800b234   0x0800b234   0x00000006   Code   RO         1444    i.osMutexCreate     cmsis_os.o
    0x0800b23a   0x0800b23a   0x00000018   Code   RO         1445    i.osMutexDelete     cmsis_os.o
    0x0800b252   0x0800b252   0x00000002   PAD
    0x0800b254   0x0800b254   0x00000050   Code   RO         1446    i.osMutexRelease    cmsis_os.o
    0x0800b2a4   0x0800b2a4   0x00000068   Code   RO         1447    i.osMutexWait       cmsis_os.o
    0x0800b30c   0x0800b30c   0x00000014   Code   RO         1462    i.osSystickHandler  cmsis_os.o
    0x0800b320   0x0800b320   0x0000002e   Code   RO         1463    i.osThreadCreate    cmsis_os.o
    0x0800b34e   0x0800b34e   0x0000000a   Code   RO         1472    i.osThreadTerminate  cmsis_os.o
    0x0800b358   0x0800b358   0x00000024   Code   RO         5995    i.parse_action_id   data_template_client_json.o
    0x0800b37c   0x0800b37c   0x00000020   Code   RO         5996    i.parse_action_input  data_template_client_json.o
    0x0800b39c   0x0800b39c   0x00000024   Code   RO         5997    i.parse_client_token  data_template_client_json.o
    0x0800b3c0   0x0800b3c0   0x0000007c   Code   RO         5998    i.parse_code_return  data_template_client_json.o
    0x0800b43c   0x0800b43c   0x00000020   Code   RO         5999    i.parse_status_return  data_template_client_json.o
    0x0800b45c   0x0800b45c   0x00000020   Code   RO         6000    i.parse_template_cmd_control  data_template_client_json.o
    0x0800b47c   0x0800b47c   0x00000028   Code   RO         6001    i.parse_template_get_control  data_template_client_json.o
    0x0800b4a4   0x0800b4a4   0x00000020   Code   RO         6002    i.parse_template_method_type  data_template_client_json.o
    0x0800b4c4   0x0800b4c4   0x00000080   Code   RO         6003    i.parse_timestamp   data_template_client_json.o
    0x0800b544   0x0800b544   0x00000070   Code   RO          806    i.prvAddCurrentTaskToDelayedList  tasks.o
    0x0800b5b4   0x0800b5b4   0x000000d0   Code   RO          807    i.prvAddNewTaskToReadyList  tasks.o
    0x0800b684   0x0800b684   0x00000054   Code   RO          808    i.prvCheckTasksWaitingTermination  tasks.o
    0x0800b6d8   0x0800b6d8   0x00000026   Code   RO         1223    i.prvCopyDataFromQueue  queue.o
    0x0800b6fe   0x0800b6fe   0x0000006c   Code   RO         1224    i.prvCopyDataToQueue  queue.o
    0x0800b76a   0x0800b76a   0x00000014   Code   RO          809    i.prvDeleteTCB      tasks.o
    0x0800b77e   0x0800b77e   0x00000002   PAD
    0x0800b780   0x0800b780   0x0000004c   Code   RO         1359    i.prvHeapInit       heap_4.o
    0x0800b7cc   0x0800b7cc   0x00000028   Code   RO          810    i.prvIdleTask       tasks.o
    0x0800b7f4   0x0800b7f4   0x0000008e   Code   RO          811    i.prvInitialiseNewTask  tasks.o
    0x0800b882   0x0800b882   0x00000002   PAD
    0x0800b884   0x0800b884   0x0000004c   Code   RO         1360    i.prvInsertBlockIntoFreeList  heap_4.o
    0x0800b8d0   0x0800b8d0   0x0000001a   Code   RO         1225    i.prvIsQueueEmpty   queue.o
    0x0800b8ea   0x0800b8ea   0x00000002   PAD
    0x0800b8ec   0x0800b8ec   0x00000020   Code   RO          812    i.prvResetNextTaskUnblockTime  tasks.o
    0x0800b90c   0x0800b90c   0x00000028   Code   RO          729    i.prvTaskExitError  port.o
    0x0800b934   0x0800b934   0x0000006a   Code   RO         1226    i.prvUnlockQueue    queue.o
    0x0800b99e   0x0800b99e   0x00000002   PAD
    0x0800b9a0   0x0800b9a0   0x0000019c   Code   RO         6004    i.put_json_node     data_template_client_json.o
    0x0800bb3c   0x0800bb3c   0x000000d8   Code   RO         1361    i.pvPortMalloc      heap_4.o
    0x0800bc14   0x0800bc14   0x00000018   Code   RO          814    i.pvTaskIncrementMutexHeldCount  tasks.o
    0x0800bc2c   0x0800bc2c   0x00000024   Code   RO          730    i.pxPortInitialiseStack  port.o
    0x0800bc50   0x0800bc50   0x000001a0   Code   RO         5818    i.qcloud_iot_template_init  data_template_client_manager.o
    0x0800bdf0   0x0800bdf0   0x00000070   Code   RO         5819    i.qcloud_iot_template_reset  data_template_client_manager.o
    0x0800be60   0x0800be60   0x00000170   Code   RO         5522    i.register_sub_topic  mqtt.o
    0x0800bfd0   0x0800bfd0   0x00000018   Code   RO         5487    i.ring_buff_flush   ringbuff.o
    0x0800bfe8   0x0800bfe8   0x0000001c   Code   RO         5488    i.ring_buff_init    ringbuff.o
    0x0800c004   0x0800c004   0x0000003e   Code   RO         5489    i.ring_buff_pop_data  ringbuff.o
    0x0800c042   0x0800c042   0x00000052   Code   RO         5490    i.ring_buff_push_data  ringbuff.o
    0x0800c094   0x0800c094   0x000001a0   Code   RO         5820    i.send_template_request  data_template_client_manager.o
    0x0800c234   0x0800c234   0x00000010   Code   RO         5363    i.setFlag           module_api_inf.o
    0x0800c244   0x0800c244   0x00000024   Code   RO         6230    i.set_propery_changed  data_template_usr_logic.o
    0x0800c268   0x0800c268   0x000000e8   Code   RO         5821    i.subscribe_template_downstream_topic  data_template_client_manager.o
    0x0800c350   0x0800c350   0x00000026   Code   RO         5769    i.template_common_check_property_existence  data_template_client_common.o
    0x0800c376   0x0800c376   0x00000002   PAD
    0x0800c378   0x0800c378   0x000000fc   Code   RO         5770    i.template_common_register_property_on_delta  data_template_client_common.o
    0x0800c474   0x0800c474   0x0000018c   Code   RO         6005    i.template_put_json_node  data_template_client_json.o
    0x0800c600   0x0800c600   0x0000004c   Code   RO         6006    i.update_value_if_key_match  data_template_client_json.o
    0x0800c64c   0x0800c64c   0x0000004c   Code   RO         5364    i.urc_discon_func   module_api_inf.o
    0x0800c698   0x0800c698   0x00000098   Code   RO         5365    i.urc_l206_reg_func  module_api_inf.o
    0x0800c730   0x0800c730   0x0000004c   Code   RO         5366    i.urc_mqtt_conn_func  module_api_inf.o
    0x0800c77c   0x0800c77c   0x00000030   Code   RO         5367    i.urc_mqtt_state_func  module_api_inf.o
    0x0800c7ac   0x0800c7ac   0x00000048   Code   RO         5368    i.urc_mqtt_sub_func  module_api_inf.o
    0x0800c7f4   0x0800c7f4   0x00000044   Code   RO         5369    i.urc_ota_status_func  module_api_inf.o
    0x0800c838   0x0800c838   0x00000048   Code   RO         5370    i.urc_pub_recv_func  module_api_inf.o
    0x0800c880   0x0800c880   0x00000024   Code   RO         1177    i.uxListRemove      list.o
    0x0800c8a4   0x0800c8a4   0x00000016   Code   RO         1178    i.vListInitialise   list.o
    0x0800c8ba   0x0800c8ba   0x00000006   Code   RO         1179    i.vListInitialiseItem  list.o
    0x0800c8c0   0x0800c8c0   0x00000030   Code   RO         1180    i.vListInsert       list.o
    0x0800c8f0   0x0800c8f0   0x00000018   Code   RO         1181    i.vListInsertEnd    list.o
    0x0800c908   0x0800c908   0x00000040   Code   RO          732    i.vPortEnterCritical  port.o
    0x0800c948   0x0800c948   0x00000028   Code   RO          733    i.vPortExitCritical  port.o
    0x0800c970   0x0800c970   0x0000005c   Code   RO         1362    i.vPortFree         heap_4.o
    0x0800c9cc   0x0800c9cc   0x00000020   Code   RO          734    i.vPortSetupTimerInterrupt  port.o
    0x0800c9ec   0x0800c9ec   0x00000054   Code   RO          735    i.vPortValidateInterruptPriority  port.o
    0x0800ca40   0x0800ca40   0x00000024   Code   RO         1231    i.vQueueDelete      queue.o
    0x0800ca64   0x0800ca64   0x00000028   Code   RO         1232    i.vQueueUnregisterQueue  queue.o
    0x0800ca8c   0x0800ca8c   0x0000004c   Code   RO          820    i.vTaskDelay        tasks.o
    0x0800cad8   0x0800cad8   0x000000ac   Code   RO          821    i.vTaskDelete       tasks.o
    0x0800cb84   0x0800cb84   0x0000000c   Code   RO          823    i.vTaskMissedYield  tasks.o
    0x0800cb90   0x0800cb90   0x00000030   Code   RO          825    i.vTaskPlaceOnEventList  tasks.o
    0x0800cbc0   0x0800cbc0   0x00000084   Code   RO          827    i.vTaskPriorityInherit  tasks.o
    0x0800cc44   0x0800cc44   0x00000024   Code   RO          830    i.vTaskSetTimeOutState  tasks.o
    0x0800cc68   0x0800cc68   0x00000068   Code   RO          831    i.vTaskStartScheduler  tasks.o
    0x0800ccd0   0x0800ccd0   0x00000010   Code   RO          833    i.vTaskSuspendAll   tasks.o
    0x0800cce0   0x0800cce0   0x0000005c   Code   RO          834    i.vTaskSwitchContext  tasks.o
    0x0800cd3c   0x0800cd3c   0x00000034   Code   RO         5371    i.waitFlag          module_api_inf.o
    0x0800cd70   0x0800cd70   0x0000000c   Code   RO         1364    i.xPortGetFreeHeapSize  heap_4.o
    0x0800cd7c   0x0800cd7c   0x00000078   Code   RO          736    i.xPortStartScheduler  port.o
    0x0800cdf4   0x0800cdf4   0x0000002c   Code   RO          737    i.xPortSysTickHandler  port.o
    0x0800ce20   0x0800ce20   0x00000024   Code   RO         1233    i.xQueueCreateMutex  queue.o
    0x0800ce44   0x0800ce44   0x00000048   Code   RO         1234    i.xQueueGenericCreate  queue.o
    0x0800ce8c   0x0800ce8c   0x00000170   Code   RO         1235    i.xQueueGenericReceive  queue.o
    0x0800cffc   0x0800cffc   0x00000088   Code   RO         1236    i.xQueueGenericReset  queue.o
    0x0800d084   0x0800d084   0x00000164   Code   RO         1237    i.xQueueGenericSend  queue.o
    0x0800d1e8   0x0800d1e8   0x0000009c   Code   RO         1239    i.xQueueGiveFromISR  queue.o
    0x0800d284   0x0800d284   0x0000009a   Code   RO         1243    i.xQueueReceiveFromISR  queue.o
    0x0800d31e   0x0800d31e   0x00000002   PAD
    0x0800d320   0x0800d320   0x0000006c   Code   RO          835    i.xTaskCheckForTimeOut  tasks.o
    0x0800d38c   0x0800d38c   0x00000056   Code   RO          836    i.xTaskCreate       tasks.o
    0x0800d3e2   0x0800d3e2   0x00000002   PAD
    0x0800d3e4   0x0800d3e4   0x0000001c   Code   RO          840    i.xTaskGetSchedulerState  tasks.o
    0x0800d400   0x0800d400   0x000000c8   Code   RO          843    i.xTaskIncrementTick  tasks.o
    0x0800d4c8   0x0800d4c8   0x00000098   Code   RO          846    i.xTaskPriorityDisinherit  tasks.o
    0x0800d560   0x0800d560   0x00000074   Code   RO          847    i.xTaskRemoveFromEventList  tasks.o
    0x0800d5d4   0x0800d5d4   0x000000c4   Code   RO          849    i.xTaskResumeAll    tasks.o
    0x0800d698   0x0800d698   0x00000020   Data   RO          303    .constdata          main.o
    0x0800d6b8   0x0800d6b8   0x00000818   Data   RO          601    .constdata          peripheral_drv.o
    0x0800ded0   0x0800ded0   0x00000010   Data   RO          695    .constdata          system_stm32f1xx.o
    0x0800dee0   0x0800dee0   0x00000008   Data   RO          696    .constdata          system_stm32f1xx.o
    0x0800dee8   0x0800dee8   0x00000014   Data   RO         4612    .constdata          hal_os.o
    0x0800defc   0x0800defc   0x00000021   Data   RO         4739    .constdata          hal_at.o
    0x0800df1d   0x0800df1d   0x00000003   PAD
    0x0800df20   0x0800df20   0x00000022   Data   RO         4796    .constdata          json_parser.o
    0x0800df42   0x0800df42   0x00000119   Data   RO         5144    .constdata          at_client.o
    0x0800e05b   0x0800e05b   0x00000012   Data   RO         5296    .constdata          at_utils.o
    0x0800e06d   0x0800e06d   0x0000014d   Data   RO         5372    .constdata          module_api_inf.o
    0x0800e1ba   0x0800e1ba   0x00000023   Data   RO         5524    .constdata          mqtt.o
    0x0800e1dd   0x0800e1dd   0x00000015   Data   RO         5587    .constdata          iot_device.o
    0x0800e1f2   0x0800e1f2   0x00000002   PAD
    0x0800e1f4   0x0800e1f4   0x000002bf   Data   RO         5631    .constdata          data_template_client.o
    0x0800e4b3   0x0800e4b3   0x00000071   Data   RO         5772    .constdata          data_template_client_common.o
    0x0800e524   0x0800e524   0x0000015c   Data   RO         5823    .constdata          data_template_client_manager.o
    0x0800e680   0x0800e680   0x000000c0   Data   RO         5919    .constdata          data_template_event.o
    0x0800e740   0x0800e740   0x00000037   Data   RO         6007    .constdata          data_template_client_json.o
    0x0800e777   0x0800e777   0x000000f3   Data   RO         6123    .constdata          data_template_aciton.o
    0x0800e86a   0x0800e86a   0x00000002   PAD
    0x0800e86c   0x0800e86c   0x00000168   Data   RO         6232    .constdata          data_template_usr_logic.o
    0x0800e9d4   0x0800e9d4   0x00000081   Data   RO         6433    .constdata          mc_w.l(ctype_o.o)
    0x0800ea55   0x0800ea55   0x00000003   PAD
    0x0800ea58   0x0800ea58   0x00000004   Data   RO         6434    .constdata          mc_w.l(ctype_o.o)
    0x0800ea5c   0x0800ea5c   0x00000005   Data   RO          304    .conststring        main.o
    0x0800ea61   0x0800ea61   0x00000003   PAD
    0x0800ea64   0x0800ea64   0x0000000a   Data   RO         4613    .conststring        hal_os.o
    0x0800ea6e   0x0800ea6e   0x00000002   PAD
    0x0800ea70   0x0800ea70   0x00000049   Data   RO         4740    .conststring        hal_at.o
    0x0800eab9   0x0800eab9   0x00000003   PAD
    0x0800eabc   0x0800eabc   0x00000053   Data   RO         4797    .conststring        json_parser.o
    0x0800eb0f   0x0800eb0f   0x00000001   PAD
    0x0800eb10   0x0800eb10   0x000001bd   Data   RO         5145    .conststring        at_client.o
    0x0800eccd   0x0800eccd   0x00000003   PAD
    0x0800ecd0   0x0800ecd0   0x00000010   Data   RO         5254    .conststring        at_log.o
    0x0800ece0   0x0800ece0   0x00000054   Data   RO         5297    .conststring        at_utils.o
    0x0800ed34   0x0800ed34   0x000000c6   Data   RO         5373    .conststring        module_api_inf.o
    0x0800edfa   0x0800edfa   0x00000002   PAD
    0x0800edfc   0x0800edfc   0x0000004b   Data   RO         5525    .conststring        mqtt.o
    0x0800ee47   0x0800ee47   0x00000001   PAD
    0x0800ee48   0x0800ee48   0x00000056   Data   RO         5588    .conststring        iot_device.o
    0x0800ee9e   0x0800ee9e   0x00000002   PAD
    0x0800eea0   0x0800eea0   0x00000064   Data   RO         5632    .conststring        data_template_client.o
    0x0800ef04   0x0800ef04   0x0000006b   Data   RO         5773    .conststring        data_template_client_common.o
    0x0800ef6f   0x0800ef6f   0x00000001   PAD
    0x0800ef70   0x0800ef70   0x0000006c   Data   RO         5824    .conststring        data_template_client_manager.o
    0x0800efdc   0x0800efdc   0x00000063   Data   RO         5920    .conststring        data_template_event.o
    0x0800f03f   0x0800f03f   0x00000001   PAD
    0x0800f040   0x0800f040   0x00000069   Data   RO         6008    .conststring        data_template_client_json.o
    0x0800f0a9   0x0800f0a9   0x00000003   PAD
    0x0800f0ac   0x0800f0ac   0x00000064   Data   RO         6124    .conststring        data_template_aciton.o
    0x0800f110   0x0800f110   0x00000116   Data   RO         6233    .conststring        data_template_usr_logic.o
    0x0800f226   0x0800f226   0x00000002   PAD
    0x0800f228   0x0800f228   0x00000007   Data   RO         6234    .conststring        data_template_usr_logic.o
    0x0800f22f   0x0800f22f   0x00000001   PAD
    0x0800f230   0x0800f230   0x00000004   Data   RO         6235    .conststring        data_template_usr_logic.o
    0x0800f234   0x0800f234   0x00000008   Data   RO         6236    .conststring        data_template_usr_logic.o
    0x0800f23c   0x0800f23c   0x00000020   Data   RO         6858    Region$$Table       anon$$obj.o


    Execution Region RW_IRAM1 (Exec base: 0x20000000, Load base: 0x0800f25c, Size: 0x00009468, Max: 0x0000c000, ABSOLUTE, COMPRESSED[0x000000c0])

    Exec Addr    Load Addr    Size         Type   Attr      Idx    E Section Name        Object

    0x20000000   COMPRESSED   0x00000008   Data   RW          305    .data               main.o
    0x20000008   COMPRESSED   0x00000004   Data   RW          472    .data               retarget.o
    0x2000000c   COMPRESSED   0x00000004   Data   RW          473    .data               retarget.o
    0x20000010   COMPRESSED   0x00000008   Data   RW          602    .data               peripheral_drv.o
    0x20000018   COMPRESSED   0x00000004   Data   RW          697    .data               system_stm32f1xx.o
    0x2000001c   COMPRESSED   0x0000000c   Data   RW          738    .data               port.o
    0x20000028   COMPRESSED   0x0000003c   Data   RW          852    .data               tasks.o
    0x20000064   COMPRESSED   0x00000018   Data   RW         1367    .data               heap_4.o
    0x2000007c   COMPRESSED   0x0000000c   Data   RW         2984    .data               stm32f1xx_hal.o
    0x20000088   COMPRESSED   0x00000065   Data   RW         4614    .data               hal_os.o
    0x200000ed   COMPRESSED   0x00000003   PAD
    0x200000f0   COMPRESSED   0x00000004   Data   RW         4741    .data               hal_at.o
    0x200000f4   COMPRESSED   0x00000014   Data   RW         5255    .data               at_log.o
    0x20000108   COMPRESSED   0x00000004   Data   RW         5298    .data               at_utils.o
    0x2000010c   COMPRESSED   0x00000058   Data   RW         5374    .data               module_api_inf.o
    0x20000164   COMPRESSED   0x00000001   Data   RW         5526    .data               mqtt.o
    0x20000165   COMPRESSED   0x00000003   PAD
    0x20000168   COMPRESSED   0x00000034   Data   RW         6237    .data               data_template_usr_logic.o
    0x2000019c   COMPRESSED   0x0000000c   Data   RW         6238    .data               data_template_usr_logic.o
    0x200001a8   COMPRESSED   0x00000004   Data   RW         6239    .data               data_template_usr_logic.o
    0x200001ac   COMPRESSED   0x0000000c   Data   RW         6240    .data               data_template_usr_logic.o
    0x200001b8   COMPRESSED   0x00000001   Data   RW         6241    .data               data_template_usr_logic.o
    0x200001b9   COMPRESSED   0x00000003   PAD
    0x200001bc   COMPRESSED   0x0000000c   Data   RW         6242    .data               data_template_usr_logic.o
    0x200001c8   COMPRESSED   0x00000004   Data   RW         6814    .data               mc_w.l(errno.o)
    0x200001cc        -       0x00000040   Zero   RW          433    .bss                stm32f1xx_hal_timebase_tim.o
    0x2000020c        -       0x00000198   Zero   RW          520    .bss                board.o
    0x200003a4        -       0x000000f0   Zero   RW          851    .bss                tasks.o
    0x20000494        -       0x00000040   Zero   RW         1244    .bss                queue.o
    0x200004d4        -       0x00007800   Zero   RW         1366    .bss                heap_4.o
    0x20007cd4        -       0x00000040   Zero   RW         5143    .bss                at_client.o
    0x20007d14        -       0x00000400   Zero   RW         5295    .bss                at_utils.o
    0x20008114        -       0x00000050   Zero   RW         5523    .bss                mqtt.o
    0x20008164        -       0x000000b6   Zero   RW         5586    .bss                iot_device.o
    0x2000821a   COMPRESSED   0x00000002   PAD
    0x2000821c        -       0x00000030   Zero   RW         5630    .bss                data_template_client.o
    0x2000824c        -       0x0000045b   Zero   RW         5822    .bss                data_template_client_manager.o
    0x200086a7        -       0x0000008a   Zero   RW         5918    .bss                data_template_event.o
    0x20008731        -       0x0000008a   Zero   RW         6122    .bss                data_template_aciton.o
    0x200087bb   COMPRESSED   0x00000001   PAD
    0x200087bc        -       0x000004a8   Zero   RW         6231    .bss                data_template_usr_logic.o
    0x20008c64   COMPRESSED   0x00000004   PAD
    0x20008c68        -       0x00000800   Zero   RW            1    STACK               startup_stm32f103xe.o


==============================================================================

Image component sizes


      Code (inc. data)   RO Data    RW Data    ZI Data      Debug   Object Name

      2088        678        726          0         64      19633   at_client.o
       112         24         16         20          0       3024   at_log.o
        70          0          0          0          0       3328   at_timer.o
       880         82        102          4       1024       7865   at_utils.o
       910        126          0          0        408       5998   board.o
       338         10          0          0          0      19223   cmsis_os.o
      2694       1120        343          0        138      13523   data_template_aciton.o
      5096       1968        803          0         48      30105   data_template_client.o
       426        170        220          0          0       4454   data_template_client_common.o
      1798        416        160          0          0      16218   data_template_client_json.o
      3240       1258        456          0       1115      17099   data_template_client_manager.o
      2914       1240        291          0        138      15341   data_template_event.o
      3948       1718        657         93       1192      16044   data_template_usr_logic.o
       268         84        106          4          0       4310   hal_at.o
       360        108         30        101          0      13627   hal_os.o
       472         30          0         24      30720       7950   heap_4.o
       476        246        107          0        182       2489   iot_device.o
       902         98        117          0          0      11598   json_parser.o
       504         52          0          0          0      15200   json_token.o
       136          0          0          0          0       3442   list.o
       432        234         37          8          0      40001   main.o
      3288       1422        531         88          0      19742   module_api_inf.o
       970        282        110          1         80       4603   mqtt.o
      1314         54       2072          8          0      10348   peripheral_drv.o
       610         70          0         12          0      11161   port.o
      1632         20          0          0         64      15701   queue.o
        28          6          0          8          0       2414   retarget.o
       196          0          0          0          0       3914   ringbuff.o
        36          8        304          0       2048        812   startup_stm32f103xe.o
       112         24          0         12          0       3772   stm32f1xx_hal.o
       938         46          0          0          0       5548   stm32f1xx_hal_adc.o
       218         14          0          0          0      26377   stm32f1xx_hal_cortex.o
       502         42          0          0          0       2908   stm32f1xx_hal_gpio.o
      2084         44          0          0          0      12366   stm32f1xx_hal_i2c.o
       780         86          0          0          0     504240   stm32f1xx_hal_msp.o
      1348        112          0          0          0       6493   stm32f1xx_hal_rcc.o
       232         12          0          0          0       1464   stm32f1xx_hal_rcc_ex.o
       932         20          0          0          0       9867   stm32f1xx_hal_tim.o
        84          0          0          0          0       2414   stm32f1xx_hal_tim_ex.o
       116         16          0          0         64       1480   stm32f1xx_hal_timebase_tim.o
       754          4          0          0          0       3968   stm32f1xx_hal_uart.o
        40         12          0          0          0      21126   stm32f1xx_it.o
        72         16         24          4          0       1187   system_stm32f1xx.o
      2236        186          0         60        240      32391   tasks.o
       368          0          0          0          0       9291   utils_list.o
        16          0          0          0          0       2945   utils_timer.o

    ----------------------------------------------------------------------
     47034      12158       7276        456      37532     987004   Object Totals
         0          0         32          0          0          0   (incl. Generated)
        64          0         32          9          7          0   (incl. Padding)

    ----------------------------------------------------------------------

      Code (inc. data)   RO Data    RW Data    ZI Data      Debug   Library Member Name

        56          8          0          0          0         84   __0sscanf.o
        86          0          0          0          0          0   __dczerorl2.o
       144          0          0          0          0         88   __strtoll.o
       124          0          0          0          0         92   __strtoull.o
        28          0          0          0          0         68   _chval.o
       812          4          0          0          0        112   _scanf.o
       332          0          0          0          0         96   _scanf_int.o
        64          0          0          0          0         84   _sgetc.o
       158          0          0          0          0         92   _strtoul.o
       194          0          0          0          0         96   _strtoull.o
        26          0          0          0          0         80   atoi.o
         8          4        133          0          0         68   ctype_o.o
         0          0          0          0          0          0   entry.o
         0          0          0          0          0          0   entry10a.o
         0          0          0          0          0          0   entry11a.o
         8          4          0          0          0          0   entry2.o
         4          0          0          0          0          0   entry5.o
         0          0          0          0          0          0   entry7b.o
         0          0          0          0          0          0   entry8b.o
         8          4          0          0          0          0   entry9a.o
         8          4          0          4          0         68   errno.o
        30          0          0          0          0          0   handlers.o
        36          8          0          0          0         68   init.o
        18          0          0          0          0         76   isspace_o.o
         0          0          0          0          0          0   iusefp.o
        30          0          0          0          0         68   llshl.o
        36          0          0          0          0         68   llsshr.o
        32          0          0          0          0         68   llushr.o
        26          0          0          0          0         80   memcmp.o
        64          0          0          0          0         76   memmovea.o
        36          0          0          0          0        108   memseta.o
      2340        102          0          0          0        668   printfa.o
        40          8          0          0          0         84   scanf_char.o
       878         12          0          0          0        216   scanf_fp.o
        20          0          0          0          0         68   strchr.o
        28          0          0          0          0         76   strcmp.o
        18          0          0          0          0         68   strcpy.o
        14          0          0          0          0         68   strlen.o
        30          0          0          0          0         80   strncmp.o
        24          0          0          0          0         76   strncpy.o
        32          0          0          0          0         68   strrchr.o
        36          0          0          0          0         80   strstr.o
       112          0          0          0          0         88   strtol.o
         4          0          0          0          0         68   strtoll.o
       114          0          0          0          0         92   strtoul.o
         4          0          0          0          0         68   strtoull.o
        44          0          0          0          0         80   uidiv.o
        98          0          0          0          0         92   uldiv.o
        48          0          0          0          0         68   cdrcmple.o
        56          0          0          0          0         88   d2f.o
       334          0          0          0          0        148   dadd.o
       222          0          0          0          0        100   ddiv.o
       186          0          0          0          0        176   depilogue.o
        48          0          0          0          0         68   dfixul.o
        26          0          0          0          0         76   dfltui.o
        24          0          0          0          0         76   dfltul.o
       228          0          0          0          0         96   dmul.o
        46          0          0          0          0         80   dscalb.o
        38          0          0          0          0         68   f2d.o
       110          0          0          0          0        168   fepilogue.o
        18          0          0          0          0         68   fflti.o

    ----------------------------------------------------------------------
      7598        158        136          4          0       4960   Library Totals
        10          0          3          0          0          0   (incl. Padding)

    ----------------------------------------------------------------------

      Code (inc. data)   RO Data    RW Data    ZI Data      Debug   Library Name

      6204        158        133          4          0       3680   mc_w.l
      1384          0          0          0          0       1280   mf_w.l

    ----------------------------------------------------------------------
      7598        158        136          4          0       4960   Library Totals

    ----------------------------------------------------------------------

==============================================================================


      Code (inc. data)   RO Data    RW Data    ZI Data      Debug   

     54632      12316       7412        460      37532     970252   Grand Totals
     54632      12316       7412        192      37532     970252   ELF Image Totals (compressed)
     54632      12316       7412        192          0          0   ROM Totals

==============================================================================

    Total RO  Size (Code + RO Data)                62044 (  60.59kB)
    Total RW  Size (RW Data + ZI Data)             37992 (  37.10kB)
    Total ROM Size (Code + RO Data + RW Data)      62236 (  60.78kB)

==============================================================================

